<?xml version="1.0" encoding="utf-8" ?>
<result>
	<row>
		<label>(organic)</label>
		<nb_visits>11</nb_visits>
		<nb_actions>42</nb_actions>
		<sum_visit_length>736</sum_visit_length>
		<bounce_count>6</bounce_count>
		<nb_visits_converted>0</nb_visits_converted>
		<nb_conversions>0</nb_conversions>
		<revenue>0</revenue>
		<goals>
			<row idgoal='ecommerceOrder'>
				<nb_conversions>0</nb_conversions>
			</row>
		</goals>
		<sum_daily_nb_uniq_visitors>11</sum_daily_nb_uniq_visitors>
		<referer_type>6</referer_type>
	</row>
	<row>
		<label>(direct)</label>
		<nb_visits>7</nb_visits>
		<nb_actions>31</nb_actions>
		<sum_visit_length>108</sum_visit_length>
		<bounce_count>2</bounce_count>
		<nb_visits_converted>0</nb_visits_converted>
		<nb_conversions>0</nb_conversions>
		<revenue>0</revenue>
		<goals>
			<row idgoal='ecommerceOrder'>
				<nb_conversions>0</nb_conversions>
			</row>
		</goals>
		<sum_daily_nb_uniq_visitors>7</sum_daily_nb_uniq_visitors>
		<referer_type>6</referer_type>
	</row>
	<row>
		<label>https</label>
		<nb_visits>2</nb_visits>
		<nb_actions>4</nb_actions>
		<sum_visit_length>1</sum_visit_length>
		<bounce_count>2</bounce_count>
		<nb_visits_converted>0</nb_visits_converted>
		<nb_conversions>0</nb_conversions>
		<revenue>0</revenue>
		<goals>
			<row idgoal='ecommerceOrder'>
				<nb_conversions>0</nb_conversions>
			</row>
		</goals>
		<sum_daily_nb_uniq_visitors>1</sum_daily_nb_uniq_visitors>
		<referer_type>3</referer_type>
	</row>
</result>