<?xml version="1.0" encoding="utf-8" ?>
<result>
	<row>
		<label>GNU/Linux</label>
		<nb_uniq_visitors>1</nb_uniq_visitors>
		<nb_visits>3</nb_visits>
		<nb_actions>14</nb_actions>
		<sum_visit_length>9</sum_visit_length>
		<bounce_count>1</bounce_count>
		<nb_visits_converted>0</nb_visits_converted>
		<nb_conversions>0</nb_conversions>
		<revenue>0</revenue>
		<goals>
			<row idgoal='ecommerceOrder'>
				<nb_conversions>0</nb_conversions>
			</row>
		</goals>
		<segment>operatingSystemCode==LIN;operatingSystemVersion==</segment>
		<logo>plugins/Morpheus/icons/dist/os/LIN.png</logo>
	</row>
	<row>
		<label>iOS 15.4.1</label>
		<nb_uniq_visitors>1</nb_uniq_visitors>
		<nb_visits>1</nb_visits>
		<nb_actions>3</nb_actions>
		<sum_visit_length>0</sum_visit_length>
		<bounce_count>1</bounce_count>
		<nb_visits_converted>0</nb_visits_converted>
		<nb_conversions>0</nb_conversions>
		<revenue>0</revenue>
		<goals>
			<row idgoal='ecommerceOrder'>
				<nb_conversions>0</nb_conversions>
			</row>
		</goals>
		<segment>operatingSystemCode==IOS;operatingSystemVersion==15.4.1</segment>
		<logo>plugins/Morpheus/icons/dist/os/IOS.png</logo>
	</row>
	<row>
		<label>Mac Intel 10.15</label>
		<nb_uniq_visitors>1</nb_uniq_visitors>
		<nb_visits>1</nb_visits>
		<nb_actions>4</nb_actions>
		<sum_visit_length>9</sum_visit_length>
		<bounce_count>0</bounce_count>
		<nb_visits_converted>0</nb_visits_converted>
		<nb_conversions>0</nb_conversions>
		<revenue>0</revenue>
		<goals>
			<row idgoal='ecommerceOrder'>
				<nb_conversions>0</nb_conversions>
			</row>
		</goals>
		<segment>operatingSystemCode==MAC;operatingSystemVersion==Intel+10.15</segment>
		<logo>plugins/Morpheus/icons/dist/os/MAC.png</logo>
	</row>
	<row>
		<label>Windows 10</label>
		<nb_uniq_visitors>1</nb_uniq_visitors>
		<nb_visits>1</nb_visits>
		<nb_actions>5</nb_actions>
		<sum_visit_length>8</sum_visit_length>
		<bounce_count>0</bounce_count>
		<nb_visits_converted>0</nb_visits_converted>
		<nb_conversions>0</nb_conversions>
		<revenue>0</revenue>
		<goals>
			<row idgoal='ecommerceOrder'>
				<nb_conversions>0</nb_conversions>
			</row>
		</goals>
		<segment>operatingSystemCode==WIN;operatingSystemVersion==10</segment>
		<logo>plugins/Morpheus/icons/dist/os/WIN.png</logo>
	</row>
</result>