<?xml version="1.0" encoding="utf-8" ?>
<result>
	<row>
		<label>reddit</label>
		<nb_uniq_visitors>22</nb_uniq_visitors>
		<nb_visits>28</nb_visits>
		<nb_actions>113</nb_actions>
		<sum_visit_length>1651</sum_visit_length>
		<bounce_count>6</bounce_count>
		<nb_visits_converted>11</nb_visits_converted>
		<nb_conversions>21</nb_conversions>
		<revenue>75296</revenue>
		<goals>
			<row idgoal='1'>
				<nb_conversions>5</nb_conversions>
				<revenue>0</revenue>
				<nb_visits_converted>3</nb_visits_converted>
			</row>
			<row idgoal='2'>
				<nb_conversions>7</nb_conversions>
				<revenue>0</revenue>
				<nb_visits_converted>6</nb_visits_converted>
			</row>
			<row idgoal='3'>
				<nb_conversions>0</nb_conversions>
				<revenue>0</revenue>
				<nb_visits_converted>0</nb_visits_converted>
			</row>
			<row idgoal='4'>
				<nb_conversions>0</nb_conversions>
				<revenue>0</revenue>
				<nb_visits_converted>0</nb_visits_converted>
			</row>
			<row idgoal='5'>
				<nb_conversions>0</nb_conversions>
				<revenue>0</revenue>
				<nb_visits_converted>0</nb_visits_converted>
			</row>
			<row idgoal='ecommerceOrder'>
				<nb_conversions>9</nb_conversions>
				<revenue>75296</revenue>
				<items>54</items>
			</row>
		</goals>
		<url>reddit.com</url>
		<logo>plugins/Morpheus/icons/dist/socials/reddit.com.png</logo>
		<segment>referrerType==social;referrerName==reddit</segment>
		<subtable>
			<row>
				<label>http://reddit.com/r/scuba/comments/8mrd88/snapped_this_pic_on_my_first_dive_post_cert/</label>
				<nb_uniq_visitors>10</nb_uniq_visitors>
				<nb_visits>12</nb_visits>
				<nb_actions>46</nb_actions>
				<sum_visit_length>684</sum_visit_length>
				<bounce_count>3</bounce_count>
				<nb_visits_converted>5</nb_visits_converted>
				<nb_conversions>8</nb_conversions>
				<revenue>24690</revenue>
				<goals>
					<row idgoal='1'>
						<nb_conversions>1</nb_conversions>
						<revenue>0</revenue>
						<nb_visits_converted>0</nb_visits_converted>
					</row>
					<row idgoal='2'>
						<nb_conversions>4</nb_conversions>
						<revenue>0</revenue>
						<nb_visits_converted>3</nb_visits_converted>
					</row>
					<row idgoal='3'>
						<nb_conversions>0</nb_conversions>
						<revenue>0</revenue>
						<nb_visits_converted>0</nb_visits_converted>
					</row>
					<row idgoal='4'>
						<nb_conversions>0</nb_conversions>
						<revenue>0</revenue>
						<nb_visits_converted>0</nb_visits_converted>
					</row>
					<row idgoal='5'>
						<nb_conversions>0</nb_conversions>
						<revenue>0</revenue>
						<nb_visits_converted>0</nb_visits_converted>
					</row>
					<row idgoal='ecommerceOrder'>
						<nb_conversions>3</nb_conversions>
						<revenue>24690</revenue>
						<items>18</items>
					</row>
				</goals>
			</row>
			<row>
				<label>http://reddit.com/r/scuba/comments/8mtp0i/five_rules_shearwater_broke_with_the_teric/</label>
				<nb_uniq_visitors>8</nb_uniq_visitors>
				<nb_visits>10</nb_visits>
				<nb_actions>37</nb_actions>
				<sum_visit_length>695</sum_visit_length>
				<bounce_count>2</bounce_count>
				<nb_visits_converted>5</nb_visits_converted>
				<nb_conversions>7</nb_conversions>
				<revenue>15037</revenue>
				<goals>
					<row idgoal='1'>
						<nb_conversions>2</nb_conversions>
						<revenue>0</revenue>
						<nb_visits_converted>2</nb_visits_converted>
					</row>
					<row idgoal='2'>
						<nb_conversions>3</nb_conversions>
						<revenue>0</revenue>
						<nb_visits_converted>3</nb_visits_converted>
					</row>
					<row idgoal='3'>
						<nb_conversions>0</nb_conversions>
						<revenue>0</revenue>
						<nb_visits_converted>0</nb_visits_converted>
					</row>
					<row idgoal='4'>
						<nb_conversions>0</nb_conversions>
						<revenue>0</revenue>
						<nb_visits_converted>0</nb_visits_converted>
					</row>
					<row idgoal='5'>
						<nb_conversions>0</nb_conversions>
						<revenue>0</revenue>
						<nb_visits_converted>0</nb_visits_converted>
					</row>
					<row idgoal='ecommerceOrder'>
						<nb_conversions>2</nb_conversions>
						<revenue>15037</revenue>
						<items>11</items>
					</row>
				</goals>
			</row>
			<row>
				<label>http://reddit.com/r/scuba/comments/8mpl4j/open_water_divers_being_born/</label>
				<nb_uniq_visitors>4</nb_uniq_visitors>
				<nb_visits>6</nb_visits>
				<nb_actions>30</nb_actions>
				<sum_visit_length>272</sum_visit_length>
				<bounce_count>1</bounce_count>
				<nb_visits_converted>1</nb_visits_converted>
				<nb_conversions>6</nb_conversions>
				<revenue>35569</revenue>
				<goals>
					<row idgoal='1'>
						<nb_conversions>2</nb_conversions>
						<revenue>0</revenue>
						<nb_visits_converted>1</nb_visits_converted>
					</row>
					<row idgoal='2'>
						<nb_conversions>0</nb_conversions>
						<revenue>0</revenue>
						<nb_visits_converted>0</nb_visits_converted>
					</row>
					<row idgoal='3'>
						<nb_conversions>0</nb_conversions>
						<revenue>0</revenue>
						<nb_visits_converted>0</nb_visits_converted>
					</row>
					<row idgoal='4'>
						<nb_conversions>0</nb_conversions>
						<revenue>0</revenue>
						<nb_visits_converted>0</nb_visits_converted>
					</row>
					<row idgoal='5'>
						<nb_conversions>0</nb_conversions>
						<revenue>0</revenue>
						<nb_visits_converted>0</nb_visits_converted>
					</row>
					<row idgoal='ecommerceOrder'>
						<nb_conversions>4</nb_conversions>
						<revenue>35569</revenue>
						<items>25</items>
					</row>
				</goals>
			</row>
		</subtable>
	</row>
	<row>
		<label>Twitter</label>
		<nb_uniq_visitors>14</nb_uniq_visitors>
		<nb_visits>19</nb_visits>
		<nb_actions>96</nb_actions>
		<sum_visit_length>1259</sum_visit_length>
		<bounce_count>3</bounce_count>
		<nb_visits_converted>5</nb_visits_converted>
		<nb_conversions>19</nb_conversions>
		<revenue>116709</revenue>
		<goals>
			<row idgoal='1'>
				<nb_conversions>5</nb_conversions>
				<revenue>0</revenue>
				<nb_visits_converted>4</nb_visits_converted>
			</row>
			<row idgoal='2'>
				<nb_conversions>1</nb_conversions>
				<revenue>0</revenue>
				<nb_visits_converted>0</nb_visits_converted>
			</row>
			<row idgoal='3'>
				<nb_conversions>0</nb_conversions>
				<revenue>0</revenue>
				<nb_visits_converted>0</nb_visits_converted>
			</row>
			<row idgoal='4'>
				<nb_conversions>0</nb_conversions>
				<revenue>0</revenue>
				<nb_visits_converted>0</nb_visits_converted>
			</row>
			<row idgoal='5'>
				<nb_conversions>0</nb_conversions>
				<revenue>0</revenue>
				<nb_visits_converted>0</nb_visits_converted>
			</row>
			<row idgoal='ecommerceOrder'>
				<nb_conversions>13</nb_conversions>
				<revenue>116709</revenue>
				<items>87</items>
			</row>
		</goals>
		<url>twitter.com</url>
		<logo>plugins/Morpheus/icons/dist/socials/twitter.com.png</logo>
		<segment>referrerType==social;referrerName==Twitter</segment>
		<subtable>
			<row>
				<label>http://twitter.com/Divezone</label>
				<nb_uniq_visitors>14</nb_uniq_visitors>
				<nb_visits>19</nb_visits>
				<nb_actions>96</nb_actions>
				<sum_visit_length>1259</sum_visit_length>
				<bounce_count>3</bounce_count>
				<nb_visits_converted>5</nb_visits_converted>
				<nb_conversions>19</nb_conversions>
				<revenue>116709</revenue>
				<goals>
					<row idgoal='1'>
						<nb_conversions>5</nb_conversions>
						<revenue>0</revenue>
						<nb_visits_converted>4</nb_visits_converted>
					</row>
					<row idgoal='2'>
						<nb_conversions>1</nb_conversions>
						<revenue>0</revenue>
						<nb_visits_converted>0</nb_visits_converted>
					</row>
					<row idgoal='3'>
						<nb_conversions>0</nb_conversions>
						<revenue>0</revenue>
						<nb_visits_converted>0</nb_visits_converted>
					</row>
					<row idgoal='4'>
						<nb_conversions>0</nb_conversions>
						<revenue>0</revenue>
						<nb_visits_converted>0</nb_visits_converted>
					</row>
					<row idgoal='5'>
						<nb_conversions>0</nb_conversions>
						<revenue>0</revenue>
						<nb_visits_converted>0</nb_visits_converted>
					</row>
					<row idgoal='ecommerceOrder'>
						<nb_conversions>13</nb_conversions>
						<revenue>116709</revenue>
						<items>87</items>
					</row>
				</goals>
			</row>
		</subtable>
	</row>
	<row>
		<label>Facebook</label>
		<nb_uniq_visitors>13</nb_uniq_visitors>
		<nb_visits>17</nb_visits>
		<nb_actions>55</nb_actions>
		<sum_visit_length>20</sum_visit_length>
		<bounce_count>4</bounce_count>
		<nb_visits_converted>5</nb_visits_converted>
		<nb_conversions>12</nb_conversions>
		<revenue>51896</revenue>
		<goals>
			<row idgoal='1'>
				<nb_conversions>2</nb_conversions>
				<revenue>0</revenue>
				<nb_visits_converted>2</nb_visits_converted>
			</row>
			<row idgoal='2'>
				<nb_conversions>3</nb_conversions>
				<revenue>0</revenue>
				<nb_visits_converted>3</nb_visits_converted>
			</row>
			<row idgoal='3'>
				<nb_conversions>0</nb_conversions>
				<revenue>0</revenue>
				<nb_visits_converted>0</nb_visits_converted>
			</row>
			<row idgoal='4'>
				<nb_conversions>0</nb_conversions>
				<revenue>0</revenue>
				<nb_visits_converted>0</nb_visits_converted>
			</row>
			<row idgoal='5'>
				<nb_conversions>0</nb_conversions>
				<revenue>0</revenue>
				<nb_visits_converted>0</nb_visits_converted>
			</row>
			<row idgoal='ecommerceOrder'>
				<nb_conversions>7</nb_conversions>
				<revenue>51896</revenue>
				<items>39</items>
			</row>
		</goals>
		<url>facebook.com</url>
		<logo>plugins/Morpheus/icons/dist/socials/facebook.com.png</logo>
		<segment>referrerType==social;referrerName==Facebook</segment>
		<subtable>
			<row>
				<label>http://facebook.com/Divezone.net</label>
				<nb_uniq_visitors>12</nb_uniq_visitors>
				<nb_visits>16</nb_visits>
				<nb_actions>54</nb_actions>
				<sum_visit_length>20</sum_visit_length>
				<bounce_count>3</bounce_count>
				<nb_visits_converted>5</nb_visits_converted>
				<nb_conversions>12</nb_conversions>
				<revenue>51896</revenue>
				<goals>
					<row idgoal='1'>
						<nb_conversions>2</nb_conversions>
						<revenue>0</revenue>
						<nb_visits_converted>2</nb_visits_converted>
					</row>
					<row idgoal='2'>
						<nb_conversions>3</nb_conversions>
						<revenue>0</revenue>
						<nb_visits_converted>3</nb_visits_converted>
					</row>
					<row idgoal='3'>
						<nb_conversions>0</nb_conversions>
						<revenue>0</revenue>
						<nb_visits_converted>0</nb_visits_converted>
					</row>
					<row idgoal='4'>
						<nb_conversions>0</nb_conversions>
						<revenue>0</revenue>
						<nb_visits_converted>0</nb_visits_converted>
					</row>
					<row idgoal='5'>
						<nb_conversions>0</nb_conversions>
						<revenue>0</revenue>
						<nb_visits_converted>0</nb_visits_converted>
					</row>
					<row idgoal='ecommerceOrder'>
						<nb_conversions>7</nb_conversions>
						<revenue>51896</revenue>
						<items>39</items>
					</row>
				</goals>
			</row>
			<row>
				<label>http://m.facebook.com/</label>
				<nb_uniq_visitors>1</nb_uniq_visitors>
				<nb_visits>1</nb_visits>
				<nb_actions>1</nb_actions>
				<sum_visit_length>0</sum_visit_length>
				<bounce_count>1</bounce_count>
				<nb_visits_converted>0</nb_visits_converted>
				<nb_conversions>0</nb_conversions>
				<revenue>0</revenue>
				<goals>
					<row idgoal='1'>
						<nb_conversions>0</nb_conversions>
						<revenue>0</revenue>
						<nb_visits_converted>0</nb_visits_converted>
					</row>
					<row idgoal='2'>
						<nb_conversions>0</nb_conversions>
						<revenue>0</revenue>
						<nb_visits_converted>0</nb_visits_converted>
					</row>
					<row idgoal='3'>
						<nb_conversions>0</nb_conversions>
						<revenue>0</revenue>
						<nb_visits_converted>0</nb_visits_converted>
					</row>
					<row idgoal='4'>
						<nb_conversions>0</nb_conversions>
						<revenue>0</revenue>
						<nb_visits_converted>0</nb_visits_converted>
					</row>
					<row idgoal='5'>
						<nb_conversions>0</nb_conversions>
						<revenue>0</revenue>
						<nb_visits_converted>0</nb_visits_converted>
					</row>
					<row idgoal='ecommerceOrder'>
						<nb_conversions>0</nb_conversions>
						<revenue>0</revenue>
						<items>0</items>
					</row>
				</goals>
			</row>
		</subtable>
	</row>
</result>