<?xml version="1.0" encoding="utf-8" ?>
<result>
	<row>
		<label>https</label>
		<nb_visits>2</nb_visits>
		<nb_actions>4</nb_actions>
		<sum_visit_length>1</sum_visit_length>
		<bounce_count>2</bounce_count>
		<nb_visits_converted>0</nb_visits_converted>
		<nb_conversions>0</nb_conversions>
		<revenue>0</revenue>
		<goals>
			<row idgoal='ecommerceOrder'>
				<nb_conversions>0</nb_conversions>
			</row>
		</goals>
		<sum_daily_nb_uniq_visitors>1</sum_daily_nb_uniq_visitors>
		<segment>referrerName==https</segment>
		<subtable>
			<row>
				<label>http://https://matthieu.net/blog/</label>
				<nb_visits>2</nb_visits>
				<nb_actions>4</nb_actions>
				<sum_visit_length>1</sum_visit_length>
				<bounce_count>2</bounce_count>
				<nb_visits_converted>0</nb_visits_converted>
				<nb_conversions>0</nb_conversions>
				<revenue>0</revenue>
				<goals>
					<row idgoal='ecommerceOrder'>
						<nb_conversions>0</nb_conversions>
					</row>
				</goals>
				<sum_daily_nb_uniq_visitors>1</sum_daily_nb_uniq_visitors>
			</row>
		</subtable>
	</row>
</result>