<?xml version="1.0" encoding="utf-8" ?>
<result>
	<row>
		<label>/index</label>
		<nb_visits>0</nb_visits>
		<nb_uniq_visitors>0</nb_uniq_visitors>
		<nb_hits>8</nb_hits>
		<sum_time_spent>26</sum_time_spent>
		<avg_bandwidth>0</avg_bandwidth>
		<avg_page_load_time>0</avg_page_load_time>
		<avg_time_on_page>3</avg_time_on_page>
		<bounce_rate>0%</bounce_rate>
		<exit_rate>0%</exit_rate>
		<url>http://GA4 (matthieu.net/blog)/</url>
		<segment>pageUrl==http%253A%252F%252FGA4%2B%2528matthieu.net%252Fblog%2529%252F</segment>
	</row>
</result>