<?xml version="1.0" encoding="utf-8" ?>
<result>
	<row>
		<label>Android Browser 4.0</label>
		<nb_visits>160</nb_visits>
		<nb_actions>607</nb_actions>
		<sum_visit_length>7368</sum_visit_length>
		<bounce_count>35</bounce_count>
		<nb_visits_converted>46</nb_visits_converted>
		<nb_conversions>104</nb_conversions>
		<revenue>536646</revenue>
		<goals>
			<row idgoal='1'>
				<nb_conversions>23</nb_conversions>
				<revenue>0</revenue>
				<nb_visits_converted>21</nb_visits_converted>
			</row>
			<row idgoal='2'>
				<nb_conversions>23</nb_conversions>
				<revenue>0</revenue>
				<nb_visits_converted>23</nb_visits_converted>
			</row>
			<row idgoal='3'>
				<nb_conversions>2</nb_conversions>
				<revenue>0</revenue>
				<nb_visits_converted>2</nb_visits_converted>
			</row>
			<row idgoal='4'>
				<nb_conversions>0</nb_conversions>
				<revenue>0</revenue>
				<nb_visits_converted>0</nb_visits_converted>
			</row>
			<row idgoal='5'>
				<nb_conversions>0</nb_conversions>
				<revenue>0</revenue>
				<nb_visits_converted>0</nb_visits_converted>
			</row>
			<row idgoal='ecommerceOrder'>
				<nb_conversions>56</nb_conversions>
				<revenue>536646</revenue>
				<items>389</items>
			</row>
		</goals>
		<sum_daily_nb_uniq_visitors>88</sum_daily_nb_uniq_visitors>
		<segment>browserCode==AN;browserVersion==4.0</segment>
		<logo>plugins/Morpheus/icons/dist/browsers/AN.png</logo>
	</row>
	<row>
		<label>Chrome 32.0.1700.76</label>
		<nb_visits>93</nb_visits>
		<nb_actions>318</nb_actions>
		<sum_visit_length>4261</sum_visit_length>
		<bounce_count>21</bounce_count>
		<nb_visits_converted>27</nb_visits_converted>
		<nb_conversions>56</nb_conversions>
		<revenue>242228</revenue>
		<goals>
			<row idgoal='1'>
				<nb_conversions>16</nb_conversions>
				<revenue>0</revenue>
				<nb_visits_converted>15</nb_visits_converted>
			</row>
			<row idgoal='2'>
				<nb_conversions>11</nb_conversions>
				<revenue>0</revenue>
				<nb_visits_converted>9</nb_visits_converted>
			</row>
			<row idgoal='3'>
				<nb_conversions>1</nb_conversions>
				<revenue>0</revenue>
				<nb_visits_converted>1</nb_visits_converted>
			</row>
			<row idgoal='4'>
				<nb_conversions>0</nb_conversions>
				<revenue>0</revenue>
				<nb_visits_converted>0</nb_visits_converted>
			</row>
			<row idgoal='5'>
				<nb_conversions>0</nb_conversions>
				<revenue>0</revenue>
				<nb_visits_converted>0</nb_visits_converted>
			</row>
			<row idgoal='ecommerceOrder'>
				<nb_conversions>28</nb_conversions>
				<revenue>242228</revenue>
				<items>184</items>
			</row>
		</goals>
		<sum_daily_nb_uniq_visitors>64</sum_daily_nb_uniq_visitors>
		<segment>browserCode==CH;browserVersion==32.0.1700.76</segment>
		<logo>plugins/Morpheus/icons/dist/browsers/CH.png</logo>
	</row>
	<row>
		<label>Firefox 3.0.14</label>
		<nb_visits>86</nb_visits>
		<nb_actions>325</nb_actions>
		<sum_visit_length>2064</sum_visit_length>
		<bounce_count>13</bounce_count>
		<nb_visits_converted>28</nb_visits_converted>
		<nb_conversions>63</nb_conversions>
		<revenue>276824</revenue>
		<goals>
			<row idgoal='1'>
				<nb_conversions>20</nb_conversions>
				<revenue>0</revenue>
				<nb_visits_converted>20</nb_visits_converted>
			</row>
			<row idgoal='2'>
				<nb_conversions>10</nb_conversions>
				<revenue>0</revenue>
				<nb_visits_converted>10</nb_visits_converted>
			</row>
			<row idgoal='3'>
				<nb_conversions>0</nb_conversions>
				<revenue>0</revenue>
				<nb_visits_converted>0</nb_visits_converted>
			</row>
			<row idgoal='4'>
				<nb_conversions>0</nb_conversions>
				<revenue>0</revenue>
				<nb_visits_converted>0</nb_visits_converted>
			</row>
			<row idgoal='5'>
				<nb_conversions>0</nb_conversions>
				<revenue>0</revenue>
				<nb_visits_converted>0</nb_visits_converted>
			</row>
			<row idgoal='ecommerceOrder'>
				<nb_conversions>33</nb_conversions>
				<revenue>276824</revenue>
				<items>196</items>
			</row>
		</goals>
		<sum_daily_nb_uniq_visitors>65</sum_daily_nb_uniq_visitors>
		<segment>browserCode==FF;browserVersion==3.0.14</segment>
		<logo>plugins/Morpheus/icons/dist/browsers/FF.png</logo>
	</row>
	<row>
		<label>Internet Explorer 8.0</label>
		<nb_visits>76</nb_visits>
		<nb_actions>303</nb_actions>
		<sum_visit_length>1780</sum_visit_length>
		<bounce_count>12</bounce_count>
		<nb_visits_converted>21</nb_visits_converted>
		<nb_conversions>53</nb_conversions>
		<revenue>256463</revenue>
		<goals>
			<row idgoal='1'>
				<nb_conversions>8</nb_conversions>
				<revenue>0</revenue>
				<nb_visits_converted>6</nb_visits_converted>
			</row>
			<row idgoal='2'>
				<nb_conversions>15</nb_conversions>
				<revenue>0</revenue>
				<nb_visits_converted>13</nb_visits_converted>
			</row>
			<row idgoal='3'>
				<nb_conversions>0</nb_conversions>
				<revenue>0</revenue>
				<nb_visits_converted>0</nb_visits_converted>
			</row>
			<row idgoal='4'>
				<nb_conversions>0</nb_conversions>
				<revenue>0</revenue>
				<nb_visits_converted>0</nb_visits_converted>
			</row>
			<row idgoal='5'>
				<nb_conversions>0</nb_conversions>
				<revenue>0</revenue>
				<nb_visits_converted>0</nb_visits_converted>
			</row>
			<row idgoal='ecommerceOrder'>
				<nb_conversions>30</nb_conversions>
				<revenue>256463</revenue>
				<items>199</items>
			</row>
		</goals>
		<sum_daily_nb_uniq_visitors>50</sum_daily_nb_uniq_visitors>
		<segment>browserCode==IE;browserVersion==8.0</segment>
		<logo>plugins/Morpheus/icons/dist/browsers/IE.png</logo>
	</row>
	<row>
		<label>Internet Explorer 11.0</label>
		<nb_visits>73</nb_visits>
		<nb_actions>303</nb_actions>
		<sum_visit_length>2077</sum_visit_length>
		<bounce_count>10</bounce_count>
		<nb_visits_converted>25</nb_visits_converted>
		<nb_conversions>53</nb_conversions>
		<revenue>282126</revenue>
		<goals>
			<row idgoal='1'>
				<nb_conversions>14</nb_conversions>
				<revenue>0</revenue>
				<nb_visits_converted>13</nb_visits_converted>
			</row>
			<row idgoal='2'>
				<nb_conversions>11</nb_conversions>
				<revenue>0</revenue>
				<nb_visits_converted>10</nb_visits_converted>
			</row>
			<row idgoal='3'>
				<nb_conversions>0</nb_conversions>
				<revenue>0</revenue>
				<nb_visits_converted>0</nb_visits_converted>
			</row>
			<row idgoal='4'>
				<nb_conversions>0</nb_conversions>
				<revenue>0</revenue>
				<nb_visits_converted>0</nb_visits_converted>
			</row>
			<row idgoal='5'>
				<nb_conversions>0</nb_conversions>
				<revenue>0</revenue>
				<nb_visits_converted>0</nb_visits_converted>
			</row>
			<row idgoal='ecommerceOrder'>
				<nb_conversions>28</nb_conversions>
				<revenue>282126</revenue>
				<items>206</items>
			</row>
		</goals>
		<sum_daily_nb_uniq_visitors>51</sum_daily_nb_uniq_visitors>
		<segment>browserCode==IE;browserVersion==11.0</segment>
		<logo>plugins/Morpheus/icons/dist/browsers/IE.png</logo>
	</row>
	<row>
		<label>Chrome 33.0.1750.136</label>
		<nb_visits>63</nb_visits>
		<nb_actions>242</nb_actions>
		<sum_visit_length>2455</sum_visit_length>
		<bounce_count>12</bounce_count>
		<nb_visits_converted>19</nb_visits_converted>
		<nb_conversions>41</nb_conversions>
		<revenue>187210</revenue>
		<goals>
			<row idgoal='1'>
				<nb_conversions>10</nb_conversions>
				<revenue>0</revenue>
				<nb_visits_converted>8</nb_visits_converted>
			</row>
			<row idgoal='2'>
				<nb_conversions>9</nb_conversions>
				<revenue>0</revenue>
				<nb_visits_converted>8</nb_visits_converted>
			</row>
			<row idgoal='3'>
				<nb_conversions>0</nb_conversions>
				<revenue>0</revenue>
				<nb_visits_converted>0</nb_visits_converted>
			</row>
			<row idgoal='4'>
				<nb_conversions>0</nb_conversions>
				<revenue>0</revenue>
				<nb_visits_converted>0</nb_visits_converted>
			</row>
			<row idgoal='5'>
				<nb_conversions>0</nb_conversions>
				<revenue>0</revenue>
				<nb_visits_converted>0</nb_visits_converted>
			</row>
			<row idgoal='ecommerceOrder'>
				<nb_conversions>22</nb_conversions>
				<revenue>187210</revenue>
				<items>155</items>
			</row>
		</goals>
		<sum_daily_nb_uniq_visitors>48</sum_daily_nb_uniq_visitors>
		<segment>browserCode==CH;browserVersion==33.0.1750.136</segment>
		<logo>plugins/Morpheus/icons/dist/browsers/CH.png</logo>
	</row>
	<row>
		<label>Chrome 34.0.1847.114</label>
		<nb_visits>63</nb_visits>
		<nb_actions>204</nb_actions>
		<sum_visit_length>748</sum_visit_length>
		<bounce_count>13</bounce_count>
		<nb_visits_converted>20</nb_visits_converted>
		<nb_conversions>40</nb_conversions>
		<revenue>145428</revenue>
		<goals>
			<row idgoal='1'>
				<nb_conversions>12</nb_conversions>
				<revenue>0</revenue>
				<nb_visits_converted>10</nb_visits_converted>
			</row>
			<row idgoal='2'>
				<nb_conversions>10</nb_conversions>
				<revenue>0</revenue>
				<nb_visits_converted>9</nb_visits_converted>
			</row>
			<row idgoal='3'>
				<nb_conversions>0</nb_conversions>
				<revenue>0</revenue>
				<nb_visits_converted>0</nb_visits_converted>
			</row>
			<row idgoal='4'>
				<nb_conversions>0</nb_conversions>
				<revenue>0</revenue>
				<nb_visits_converted>0</nb_visits_converted>
			</row>
			<row idgoal='5'>
				<nb_conversions>0</nb_conversions>
				<revenue>0</revenue>
				<nb_visits_converted>0</nb_visits_converted>
			</row>
			<row idgoal='ecommerceOrder'>
				<nb_conversions>18</nb_conversions>
				<revenue>145428</revenue>
				<items>110</items>
			</row>
		</goals>
		<sum_daily_nb_uniq_visitors>53</sum_daily_nb_uniq_visitors>
		<segment>browserCode==CH;browserVersion==34.0.1847.114</segment>
		<logo>plugins/Morpheus/icons/dist/browsers/CH.png</logo>
	</row>
	<row>
		<label>Chrome 75.0.3770.100</label>
		<nb_visits>17</nb_visits>
		<nb_actions>22</nb_actions>
		<sum_visit_length>1568</sum_visit_length>
		<bounce_count>13</bounce_count>
		<nb_visits_converted>1</nb_visits_converted>
		<nb_conversions>1</nb_conversions>
		<revenue>0</revenue>
		<goals>
			<row idgoal='1'>
				<nb_conversions>0</nb_conversions>
				<revenue>0</revenue>
				<nb_visits_converted>0</nb_visits_converted>
			</row>
			<row idgoal='2'>
				<nb_conversions>0</nb_conversions>
				<revenue>0</revenue>
				<nb_visits_converted>0</nb_visits_converted>
			</row>
			<row idgoal='3'>
				<nb_conversions>1</nb_conversions>
				<revenue>0</revenue>
				<nb_visits_converted>1</nb_visits_converted>
			</row>
			<row idgoal='4'>
				<nb_conversions>0</nb_conversions>
				<revenue>0</revenue>
				<nb_visits_converted>0</nb_visits_converted>
			</row>
			<row idgoal='5'>
				<nb_conversions>0</nb_conversions>
				<revenue>0</revenue>
				<nb_visits_converted>0</nb_visits_converted>
			</row>
			<row idgoal='ecommerceOrder'>
				<nb_conversions>0</nb_conversions>
				<revenue>0</revenue>
				<items>0</items>
			</row>
		</goals>
		<sum_daily_nb_uniq_visitors>17</sum_daily_nb_uniq_visitors>
		<segment>browserCode==CH;browserVersion==75.0.3770.100</segment>
		<logo>plugins/Morpheus/icons/dist/browsers/CH.png</logo>
	</row>
	<row>
		<label>Android Browser 75.0.3770.101</label>
		<nb_visits>7</nb_visits>
		<nb_actions>7</nb_actions>
		<sum_visit_length>0</sum_visit_length>
		<bounce_count>7</bounce_count>
		<nb_visits_converted>0</nb_visits_converted>
		<nb_conversions>0</nb_conversions>
		<revenue>0</revenue>
		<goals>
			<row idgoal='1'>
				<nb_conversions>0</nb_conversions>
				<revenue>0</revenue>
				<nb_visits_converted>0</nb_visits_converted>
			</row>
			<row idgoal='2'>
				<nb_conversions>0</nb_conversions>
				<revenue>0</revenue>
				<nb_visits_converted>0</nb_visits_converted>
			</row>
			<row idgoal='3'>
				<nb_conversions>0</nb_conversions>
				<revenue>0</revenue>
				<nb_visits_converted>0</nb_visits_converted>
			</row>
			<row idgoal='4'>
				<nb_conversions>0</nb_conversions>
				<revenue>0</revenue>
				<nb_visits_converted>0</nb_visits_converted>
			</row>
			<row idgoal='5'>
				<nb_conversions>0</nb_conversions>
				<revenue>0</revenue>
				<nb_visits_converted>0</nb_visits_converted>
			</row>
			<row idgoal='ecommerceOrder'>
				<nb_conversions>0</nb_conversions>
				<revenue>0</revenue>
				<items>0</items>
			</row>
		</goals>
		<sum_daily_nb_uniq_visitors>7</sum_daily_nb_uniq_visitors>
		<segment>browserCode==AN;browserVersion==75.0.3770.101</segment>
		<logo>plugins/Morpheus/icons/dist/browsers/AN.png</logo>
	</row>
	<row>
		<label>Chrome 75.0.3770.101</label>
		<nb_visits>7</nb_visits>
		<nb_actions>10</nb_actions>
		<sum_visit_length>519</sum_visit_length>
		<bounce_count>5</bounce_count>
		<nb_visits_converted>0</nb_visits_converted>
		<nb_conversions>0</nb_conversions>
		<revenue>0</revenue>
		<goals>
			<row idgoal='1'>
				<nb_conversions>0</nb_conversions>
				<revenue>0</revenue>
				<nb_visits_converted>0</nb_visits_converted>
			</row>
			<row idgoal='2'>
				<nb_conversions>0</nb_conversions>
				<revenue>0</revenue>
				<nb_visits_converted>0</nb_visits_converted>
			</row>
			<row idgoal='3'>
				<nb_conversions>0</nb_conversions>
				<revenue>0</revenue>
				<nb_visits_converted>0</nb_visits_converted>
			</row>
			<row idgoal='4'>
				<nb_conversions>0</nb_conversions>
				<revenue>0</revenue>
				<nb_visits_converted>0</nb_visits_converted>
			</row>
			<row idgoal='5'>
				<nb_conversions>0</nb_conversions>
				<revenue>0</revenue>
				<nb_visits_converted>0</nb_visits_converted>
			</row>
			<row idgoal='ecommerceOrder'>
				<nb_conversions>0</nb_conversions>
				<revenue>0</revenue>
				<items>0</items>
			</row>
		</goals>
		<sum_daily_nb_uniq_visitors>7</sum_daily_nb_uniq_visitors>
		<segment>browserCode==CH;browserVersion==75.0.3770.101</segment>
		<logo>plugins/Morpheus/icons/dist/browsers/CH.png</logo>
	</row>
	<row>
		<label>Mobile Safari</label>
		<nb_visits>6</nb_visits>
		<nb_actions>9</nb_actions>
		<sum_visit_length>1824</sum_visit_length>
		<bounce_count>4</bounce_count>
		<nb_visits_converted>1</nb_visits_converted>
		<nb_conversions>1</nb_conversions>
		<revenue>0</revenue>
		<goals>
			<row idgoal='1'>
				<nb_conversions>0</nb_conversions>
				<revenue>0</revenue>
				<nb_visits_converted>0</nb_visits_converted>
			</row>
			<row idgoal='2'>
				<nb_conversions>0</nb_conversions>
				<revenue>0</revenue>
				<nb_visits_converted>0</nb_visits_converted>
			</row>
			<row idgoal='3'>
				<nb_conversions>1</nb_conversions>
				<revenue>0</revenue>
				<nb_visits_converted>1</nb_visits_converted>
			</row>
			<row idgoal='4'>
				<nb_conversions>0</nb_conversions>
				<revenue>0</revenue>
				<nb_visits_converted>0</nb_visits_converted>
			</row>
			<row idgoal='5'>
				<nb_conversions>0</nb_conversions>
				<revenue>0</revenue>
				<nb_visits_converted>0</nb_visits_converted>
			</row>
			<row idgoal='ecommerceOrder'>
				<nb_conversions>0</nb_conversions>
				<revenue>0</revenue>
				<items>0</items>
			</row>
		</goals>
		<sum_daily_nb_uniq_visitors>5</sum_daily_nb_uniq_visitors>
		<segment>browserCode==MF;browserVersion==</segment>
		<logo>plugins/Morpheus/icons/dist/browsers/MF.png</logo>
	</row>
	<row>
		<label>Safari 12.1.1</label>
		<nb_visits>5</nb_visits>
		<nb_actions>22</nb_actions>
		<sum_visit_length>3897</sum_visit_length>
		<bounce_count>2</bounce_count>
		<nb_visits_converted>2</nb_visits_converted>
		<nb_conversions>2</nb_conversions>
		<revenue>0</revenue>
		<goals>
			<row idgoal='1'>
				<nb_conversions>0</nb_conversions>
				<revenue>0</revenue>
				<nb_visits_converted>0</nb_visits_converted>
			</row>
			<row idgoal='2'>
				<nb_conversions>0</nb_conversions>
				<revenue>0</revenue>
				<nb_visits_converted>0</nb_visits_converted>
			</row>
			<row idgoal='3'>
				<nb_conversions>2</nb_conversions>
				<revenue>0</revenue>
				<nb_visits_converted>2</nb_visits_converted>
			</row>
			<row idgoal='4'>
				<nb_conversions>0</nb_conversions>
				<revenue>0</revenue>
				<nb_visits_converted>0</nb_visits_converted>
			</row>
			<row idgoal='5'>
				<nb_conversions>0</nb_conversions>
				<revenue>0</revenue>
				<nb_visits_converted>0</nb_visits_converted>
			</row>
			<row idgoal='ecommerceOrder'>
				<nb_conversions>0</nb_conversions>
				<revenue>0</revenue>
				<items>0</items>
			</row>
		</goals>
		<sum_daily_nb_uniq_visitors>5</sum_daily_nb_uniq_visitors>
		<segment>browserCode==SF;browserVersion==12.1.1</segment>
		<logo>plugins/Morpheus/icons/dist/browsers/SF.png</logo>
	</row>
	<row>
		<label>Firefox 67.0</label>
		<nb_visits>4</nb_visits>
		<nb_actions>5</nb_actions>
		<sum_visit_length>14</sum_visit_length>
		<bounce_count>3</bounce_count>
		<nb_visits_converted>0</nb_visits_converted>
		<nb_conversions>0</nb_conversions>
		<revenue>0</revenue>
		<goals>
			<row idgoal='1'>
				<nb_conversions>0</nb_conversions>
				<revenue>0</revenue>
				<nb_visits_converted>0</nb_visits_converted>
			</row>
			<row idgoal='2'>
				<nb_conversions>0</nb_conversions>
				<revenue>0</revenue>
				<nb_visits_converted>0</nb_visits_converted>
			</row>
			<row idgoal='3'>
				<nb_conversions>0</nb_conversions>
				<revenue>0</revenue>
				<nb_visits_converted>0</nb_visits_converted>
			</row>
			<row idgoal='4'>
				<nb_conversions>0</nb_conversions>
				<revenue>0</revenue>
				<nb_visits_converted>0</nb_visits_converted>
			</row>
			<row idgoal='5'>
				<nb_conversions>0</nb_conversions>
				<revenue>0</revenue>
				<nb_visits_converted>0</nb_visits_converted>
			</row>
			<row idgoal='ecommerceOrder'>
				<nb_conversions>0</nb_conversions>
				<revenue>0</revenue>
				<items>0</items>
			</row>
		</goals>
		<sum_daily_nb_uniq_visitors>4</sum_daily_nb_uniq_visitors>
		<segment>browserCode==FF;browserVersion==67.0</segment>
		<logo>plugins/Morpheus/icons/dist/browsers/FF.png</logo>
	</row>
	<row>
		<label>Samsung Browser 9.2</label>
		<nb_visits>3</nb_visits>
		<nb_actions>4</nb_actions>
		<sum_visit_length>53</sum_visit_length>
		<bounce_count>2</bounce_count>
		<nb_visits_converted>0</nb_visits_converted>
		<nb_conversions>0</nb_conversions>
		<revenue>0</revenue>
		<goals>
			<row idgoal='1'>
				<nb_conversions>0</nb_conversions>
				<revenue>0</revenue>
				<nb_visits_converted>0</nb_visits_converted>
			</row>
			<row idgoal='2'>
				<nb_conversions>0</nb_conversions>
				<revenue>0</revenue>
				<nb_visits_converted>0</nb_visits_converted>
			</row>
			<row idgoal='3'>
				<nb_conversions>0</nb_conversions>
				<revenue>0</revenue>
				<nb_visits_converted>0</nb_visits_converted>
			</row>
			<row idgoal='4'>
				<nb_conversions>0</nb_conversions>
				<revenue>0</revenue>
				<nb_visits_converted>0</nb_visits_converted>
			</row>
			<row idgoal='5'>
				<nb_conversions>0</nb_conversions>
				<revenue>0</revenue>
				<nb_visits_converted>0</nb_visits_converted>
			</row>
			<row idgoal='ecommerceOrder'>
				<nb_conversions>0</nb_conversions>
				<revenue>0</revenue>
				<items>0</items>
			</row>
		</goals>
		<sum_daily_nb_uniq_visitors>3</sum_daily_nb_uniq_visitors>
		<segment>browserCode==SB;browserVersion==9.2</segment>
		<logo>plugins/Morpheus/icons/dist/browsers/SB.png</logo>
	</row>
	<row>
		<label>Internet Explorer 9.0</label>
		<nb_visits>2</nb_visits>
		<nb_actions>2</nb_actions>
		<sum_visit_length>0</sum_visit_length>
		<bounce_count>2</bounce_count>
		<nb_visits_converted>0</nb_visits_converted>
		<nb_conversions>0</nb_conversions>
		<revenue>0</revenue>
		<goals>
			<row idgoal='1'>
				<nb_conversions>0</nb_conversions>
				<revenue>0</revenue>
				<nb_visits_converted>0</nb_visits_converted>
			</row>
			<row idgoal='2'>
				<nb_conversions>0</nb_conversions>
				<revenue>0</revenue>
				<nb_visits_converted>0</nb_visits_converted>
			</row>
			<row idgoal='3'>
				<nb_conversions>0</nb_conversions>
				<revenue>0</revenue>
				<nb_visits_converted>0</nb_visits_converted>
			</row>
			<row idgoal='4'>
				<nb_conversions>0</nb_conversions>
				<revenue>0</revenue>
				<nb_visits_converted>0</nb_visits_converted>
			</row>
			<row idgoal='5'>
				<nb_conversions>0</nb_conversions>
				<revenue>0</revenue>
				<nb_visits_converted>0</nb_visits_converted>
			</row>
			<row idgoal='ecommerceOrder'>
				<nb_conversions>0</nb_conversions>
				<revenue>0</revenue>
				<items>0</items>
			</row>
		</goals>
		<sum_daily_nb_uniq_visitors>2</sum_daily_nb_uniq_visitors>
		<segment>browserCode==IE;browserVersion==9.0</segment>
		<logo>plugins/Morpheus/icons/dist/browsers/IE.png</logo>
	</row>
	<row>
		<label>Microsoft Edge 17.17134</label>
		<nb_visits>2</nb_visits>
		<nb_actions>3</nb_actions>
		<sum_visit_length>28</sum_visit_length>
		<bounce_count>1</bounce_count>
		<nb_visits_converted>0</nb_visits_converted>
		<nb_conversions>0</nb_conversions>
		<revenue>0</revenue>
		<goals>
			<row idgoal='1'>
				<nb_conversions>0</nb_conversions>
				<revenue>0</revenue>
				<nb_visits_converted>0</nb_visits_converted>
			</row>
			<row idgoal='2'>
				<nb_conversions>0</nb_conversions>
				<revenue>0</revenue>
				<nb_visits_converted>0</nb_visits_converted>
			</row>
			<row idgoal='3'>
				<nb_conversions>0</nb_conversions>
				<revenue>0</revenue>
				<nb_visits_converted>0</nb_visits_converted>
			</row>
			<row idgoal='4'>
				<nb_conversions>0</nb_conversions>
				<revenue>0</revenue>
				<nb_visits_converted>0</nb_visits_converted>
			</row>
			<row idgoal='5'>
				<nb_conversions>0</nb_conversions>
				<revenue>0</revenue>
				<nb_visits_converted>0</nb_visits_converted>
			</row>
			<row idgoal='ecommerceOrder'>
				<nb_conversions>0</nb_conversions>
				<revenue>0</revenue>
				<items>0</items>
			</row>
		</goals>
		<sum_daily_nb_uniq_visitors>2</sum_daily_nb_uniq_visitors>
		<segment>browserCode==PS;browserVersion==17.17134</segment>
		<logo>plugins/Morpheus/icons/dist/browsers/PS.png</logo>
	</row>
	<row>
		<label>Microsoft Edge 18.17763</label>
		<nb_visits>2</nb_visits>
		<nb_actions>2</nb_actions>
		<sum_visit_length>0</sum_visit_length>
		<bounce_count>2</bounce_count>
		<nb_visits_converted>0</nb_visits_converted>
		<nb_conversions>0</nb_conversions>
		<revenue>0</revenue>
		<goals>
			<row idgoal='1'>
				<nb_conversions>0</nb_conversions>
				<revenue>0</revenue>
				<nb_visits_converted>0</nb_visits_converted>
			</row>
			<row idgoal='2'>
				<nb_conversions>0</nb_conversions>
				<revenue>0</revenue>
				<nb_visits_converted>0</nb_visits_converted>
			</row>
			<row idgoal='3'>
				<nb_conversions>0</nb_conversions>
				<revenue>0</revenue>
				<nb_visits_converted>0</nb_visits_converted>
			</row>
			<row idgoal='4'>
				<nb_conversions>0</nb_conversions>
				<revenue>0</revenue>
				<nb_visits_converted>0</nb_visits_converted>
			</row>
			<row idgoal='5'>
				<nb_conversions>0</nb_conversions>
				<revenue>0</revenue>
				<nb_visits_converted>0</nb_visits_converted>
			</row>
			<row idgoal='ecommerceOrder'>
				<nb_conversions>0</nb_conversions>
				<revenue>0</revenue>
				<items>0</items>
			</row>
		</goals>
		<sum_daily_nb_uniq_visitors>2</sum_daily_nb_uniq_visitors>
		<segment>browserCode==PS;browserVersion==18.17763</segment>
		<logo>plugins/Morpheus/icons/dist/browsers/PS.png</logo>
	</row>
	<row>
		<label>Safari 11.0</label>
		<nb_visits>2</nb_visits>
		<nb_actions>3</nb_actions>
		<sum_visit_length>1591</sum_visit_length>
		<bounce_count>1</bounce_count>
		<nb_visits_converted>1</nb_visits_converted>
		<nb_conversions>1</nb_conversions>
		<revenue>0</revenue>
		<goals>
			<row idgoal='1'>
				<nb_conversions>0</nb_conversions>
				<revenue>0</revenue>
				<nb_visits_converted>0</nb_visits_converted>
			</row>
			<row idgoal='2'>
				<nb_conversions>0</nb_conversions>
				<revenue>0</revenue>
				<nb_visits_converted>0</nb_visits_converted>
			</row>
			<row idgoal='3'>
				<nb_conversions>1</nb_conversions>
				<revenue>0</revenue>
				<nb_visits_converted>1</nb_visits_converted>
			</row>
			<row idgoal='4'>
				<nb_conversions>0</nb_conversions>
				<revenue>0</revenue>
				<nb_visits_converted>0</nb_visits_converted>
			</row>
			<row idgoal='5'>
				<nb_conversions>0</nb_conversions>
				<revenue>0</revenue>
				<nb_visits_converted>0</nb_visits_converted>
			</row>
			<row idgoal='ecommerceOrder'>
				<nb_conversions>0</nb_conversions>
				<revenue>0</revenue>
				<items>0</items>
			</row>
		</goals>
		<sum_daily_nb_uniq_visitors>2</sum_daily_nb_uniq_visitors>
		<segment>browserCode==SF;browserVersion==11.0</segment>
		<logo>plugins/Morpheus/icons/dist/browsers/SF.png</logo>
	</row>
	<row>
		<label>Safari 12.1</label>
		<nb_visits>2</nb_visits>
		<nb_actions>2</nb_actions>
		<sum_visit_length>0</sum_visit_length>
		<bounce_count>2</bounce_count>
		<nb_visits_converted>0</nb_visits_converted>
		<nb_conversions>0</nb_conversions>
		<revenue>0</revenue>
		<goals>
			<row idgoal='1'>
				<nb_conversions>0</nb_conversions>
				<revenue>0</revenue>
				<nb_visits_converted>0</nb_visits_converted>
			</row>
			<row idgoal='2'>
				<nb_conversions>0</nb_conversions>
				<revenue>0</revenue>
				<nb_visits_converted>0</nb_visits_converted>
			</row>
			<row idgoal='3'>
				<nb_conversions>0</nb_conversions>
				<revenue>0</revenue>
				<nb_visits_converted>0</nb_visits_converted>
			</row>
			<row idgoal='4'>
				<nb_conversions>0</nb_conversions>
				<revenue>0</revenue>
				<nb_visits_converted>0</nb_visits_converted>
			</row>
			<row idgoal='5'>
				<nb_conversions>0</nb_conversions>
				<revenue>0</revenue>
				<nb_visits_converted>0</nb_visits_converted>
			</row>
			<row idgoal='ecommerceOrder'>
				<nb_conversions>0</nb_conversions>
				<revenue>0</revenue>
				<items>0</items>
			</row>
		</goals>
		<sum_daily_nb_uniq_visitors>2</sum_daily_nb_uniq_visitors>
		<segment>browserCode==SF;browserVersion==12.1</segment>
		<logo>plugins/Morpheus/icons/dist/browsers/SF.png</logo>
	</row>
	<row>
		<label>Unknown</label>
		<nb_visits>2</nb_visits>
		<nb_actions>2</nb_actions>
		<sum_visit_length>0</sum_visit_length>
		<bounce_count>2</bounce_count>
		<nb_visits_converted>2</nb_visits_converted>
		<nb_conversions>2</nb_conversions>
		<revenue>0</revenue>
		<goals>
			<row idgoal='1'>
				<nb_conversions>2</nb_conversions>
				<revenue>0</revenue>
				<nb_visits_converted>2</nb_visits_converted>
			</row>
			<row idgoal='2'>
				<nb_conversions>0</nb_conversions>
				<revenue>0</revenue>
				<nb_visits_converted>0</nb_visits_converted>
			</row>
			<row idgoal='3'>
				<nb_conversions>0</nb_conversions>
				<revenue>0</revenue>
				<nb_visits_converted>0</nb_visits_converted>
			</row>
			<row idgoal='4'>
				<nb_conversions>0</nb_conversions>
				<revenue>0</revenue>
				<nb_visits_converted>0</nb_visits_converted>
			</row>
			<row idgoal='5'>
				<nb_conversions>0</nb_conversions>
				<revenue>0</revenue>
				<nb_visits_converted>0</nb_visits_converted>
			</row>
			<row idgoal='ecommerceOrder'>
				<nb_conversions>0</nb_conversions>
				<revenue>0</revenue>
				<items>0</items>
			</row>
		</goals>
		<sum_daily_nb_uniq_visitors>2</sum_daily_nb_uniq_visitors>
		<segment>browserCode==xx;browserVersion==5.0</segment>
		<logo>plugins/Morpheus/icons/dist/browsers/UNK.png</logo>
	</row>
	<row>
		<label>Android Browser 68.0.3440.85</label>
		<nb_visits>1</nb_visits>
		<nb_actions>2</nb_actions>
		<sum_visit_length>52</sum_visit_length>
		<bounce_count>0</bounce_count>
		<nb_visits_converted>0</nb_visits_converted>
		<nb_conversions>0</nb_conversions>
		<revenue>0</revenue>
		<goals>
			<row idgoal='1'>
				<nb_conversions>0</nb_conversions>
				<revenue>0</revenue>
				<nb_visits_converted>0</nb_visits_converted>
			</row>
			<row idgoal='2'>
				<nb_conversions>0</nb_conversions>
				<revenue>0</revenue>
				<nb_visits_converted>0</nb_visits_converted>
			</row>
			<row idgoal='3'>
				<nb_conversions>0</nb_conversions>
				<revenue>0</revenue>
				<nb_visits_converted>0</nb_visits_converted>
			</row>
			<row idgoal='4'>
				<nb_conversions>0</nb_conversions>
				<revenue>0</revenue>
				<nb_visits_converted>0</nb_visits_converted>
			</row>
			<row idgoal='5'>
				<nb_conversions>0</nb_conversions>
				<revenue>0</revenue>
				<nb_visits_converted>0</nb_visits_converted>
			</row>
			<row idgoal='ecommerceOrder'>
				<nb_conversions>0</nb_conversions>
				<revenue>0</revenue>
				<items>0</items>
			</row>
		</goals>
		<sum_daily_nb_uniq_visitors>1</sum_daily_nb_uniq_visitors>
		<segment>browserCode==AN;browserVersion==68.0.3440.85</segment>
		<logo>plugins/Morpheus/icons/dist/browsers/AN.png</logo>
	</row>
	<row>
		<label>Android Browser 72.0.3626.76</label>
		<nb_visits>1</nb_visits>
		<nb_actions>2</nb_actions>
		<sum_visit_length>1726</sum_visit_length>
		<bounce_count>0</bounce_count>
		<nb_visits_converted>1</nb_visits_converted>
		<nb_conversions>1</nb_conversions>
		<revenue>0</revenue>
		<goals>
			<row idgoal='1'>
				<nb_conversions>0</nb_conversions>
				<revenue>0</revenue>
				<nb_visits_converted>0</nb_visits_converted>
			</row>
			<row idgoal='2'>
				<nb_conversions>0</nb_conversions>
				<revenue>0</revenue>
				<nb_visits_converted>0</nb_visits_converted>
			</row>
			<row idgoal='3'>
				<nb_conversions>1</nb_conversions>
				<revenue>0</revenue>
				<nb_visits_converted>1</nb_visits_converted>
			</row>
			<row idgoal='4'>
				<nb_conversions>0</nb_conversions>
				<revenue>0</revenue>
				<nb_visits_converted>0</nb_visits_converted>
			</row>
			<row idgoal='5'>
				<nb_conversions>0</nb_conversions>
				<revenue>0</revenue>
				<nb_visits_converted>0</nb_visits_converted>
			</row>
			<row idgoal='ecommerceOrder'>
				<nb_conversions>0</nb_conversions>
				<revenue>0</revenue>
				<items>0</items>
			</row>
		</goals>
		<sum_daily_nb_uniq_visitors>1</sum_daily_nb_uniq_visitors>
		<segment>browserCode==AN;browserVersion==72.0.3626.76</segment>
		<logo>plugins/Morpheus/icons/dist/browsers/AN.png</logo>
	</row>
	<row>
		<label>Android Browser 72.0.3626.121</label>
		<nb_visits>1</nb_visits>
		<nb_actions>1</nb_actions>
		<sum_visit_length>0</sum_visit_length>
		<bounce_count>1</bounce_count>
		<nb_visits_converted>0</nb_visits_converted>
		<nb_conversions>0</nb_conversions>
		<revenue>0</revenue>
		<goals>
			<row idgoal='1'>
				<nb_conversions>0</nb_conversions>
				<revenue>0</revenue>
				<nb_visits_converted>0</nb_visits_converted>
			</row>
			<row idgoal='2'>
				<nb_conversions>0</nb_conversions>
				<revenue>0</revenue>
				<nb_visits_converted>0</nb_visits_converted>
			</row>
			<row idgoal='3'>
				<nb_conversions>0</nb_conversions>
				<revenue>0</revenue>
				<nb_visits_converted>0</nb_visits_converted>
			</row>
			<row idgoal='4'>
				<nb_conversions>0</nb_conversions>
				<revenue>0</revenue>
				<nb_visits_converted>0</nb_visits_converted>
			</row>
			<row idgoal='5'>
				<nb_conversions>0</nb_conversions>
				<revenue>0</revenue>
				<nb_visits_converted>0</nb_visits_converted>
			</row>
			<row idgoal='ecommerceOrder'>
				<nb_conversions>0</nb_conversions>
				<revenue>0</revenue>
				<items>0</items>
			</row>
		</goals>
		<sum_daily_nb_uniq_visitors>1</sum_daily_nb_uniq_visitors>
		<segment>browserCode==AN;browserVersion==72.0.3626.121</segment>
		<logo>plugins/Morpheus/icons/dist/browsers/AN.png</logo>
	</row>
	<row>
		<label>Android Browser 74.0.3729.136</label>
		<nb_visits>1</nb_visits>
		<nb_actions>1</nb_actions>
		<sum_visit_length>0</sum_visit_length>
		<bounce_count>1</bounce_count>
		<nb_visits_converted>0</nb_visits_converted>
		<nb_conversions>0</nb_conversions>
		<revenue>0</revenue>
		<goals>
			<row idgoal='1'>
				<nb_conversions>0</nb_conversions>
				<revenue>0</revenue>
				<nb_visits_converted>0</nb_visits_converted>
			</row>
			<row idgoal='2'>
				<nb_conversions>0</nb_conversions>
				<revenue>0</revenue>
				<nb_visits_converted>0</nb_visits_converted>
			</row>
			<row idgoal='3'>
				<nb_conversions>0</nb_conversions>
				<revenue>0</revenue>
				<nb_visits_converted>0</nb_visits_converted>
			</row>
			<row idgoal='4'>
				<nb_conversions>0</nb_conversions>
				<revenue>0</revenue>
				<nb_visits_converted>0</nb_visits_converted>
			</row>
			<row idgoal='5'>
				<nb_conversions>0</nb_conversions>
				<revenue>0</revenue>
				<nb_visits_converted>0</nb_visits_converted>
			</row>
			<row idgoal='ecommerceOrder'>
				<nb_conversions>0</nb_conversions>
				<revenue>0</revenue>
				<items>0</items>
			</row>
		</goals>
		<sum_daily_nb_uniq_visitors>1</sum_daily_nb_uniq_visitors>
		<segment>browserCode==AN;browserVersion==74.0.3729.136</segment>
		<logo>plugins/Morpheus/icons/dist/browsers/AN.png</logo>
	</row>
	<row>
		<label>Android Browser 74.0.3729.157</label>
		<nb_visits>1</nb_visits>
		<nb_actions>1</nb_actions>
		<sum_visit_length>0</sum_visit_length>
		<bounce_count>1</bounce_count>
		<nb_visits_converted>0</nb_visits_converted>
		<nb_conversions>0</nb_conversions>
		<revenue>0</revenue>
		<goals>
			<row idgoal='1'>
				<nb_conversions>0</nb_conversions>
				<revenue>0</revenue>
				<nb_visits_converted>0</nb_visits_converted>
			</row>
			<row idgoal='2'>
				<nb_conversions>0</nb_conversions>
				<revenue>0</revenue>
				<nb_visits_converted>0</nb_visits_converted>
			</row>
			<row idgoal='3'>
				<nb_conversions>0</nb_conversions>
				<revenue>0</revenue>
				<nb_visits_converted>0</nb_visits_converted>
			</row>
			<row idgoal='4'>
				<nb_conversions>0</nb_conversions>
				<revenue>0</revenue>
				<nb_visits_converted>0</nb_visits_converted>
			</row>
			<row idgoal='5'>
				<nb_conversions>0</nb_conversions>
				<revenue>0</revenue>
				<nb_visits_converted>0</nb_visits_converted>
			</row>
			<row idgoal='ecommerceOrder'>
				<nb_conversions>0</nb_conversions>
				<revenue>0</revenue>
				<items>0</items>
			</row>
		</goals>
		<sum_daily_nb_uniq_visitors>1</sum_daily_nb_uniq_visitors>
		<segment>browserCode==AN;browserVersion==74.0.3729.157</segment>
		<logo>plugins/Morpheus/icons/dist/browsers/AN.png</logo>
	</row>
	<row>
		<label>Firefox 3.6</label>
		<nb_visits>1</nb_visits>
		<nb_actions>2</nb_actions>
		<max_actions>2</max_actions>
		<sum_visit_length>122</sum_visit_length>
		<bounce_count>0</bounce_count>
		<nb_visits_converted>1</nb_visits_converted>
		<sum_daily_nb_uniq_visitors>1</sum_daily_nb_uniq_visitors>
		<sum_daily_nb_users>0</sum_daily_nb_users>
		<segment>browserCode==FF;browserVersion==3.6</segment>
		<logo>plugins/Morpheus/icons/dist/browsers/FF.png</logo>
	</row>
</result>