<?xml version="1.0" encoding="utf-8" ?>
<result>
	<row>
		<label>WebKit (Safari)</label>
		<nb_visits>412</nb_visits>
		<nb_actions>1430</nb_actions>
		<sum_visit_length>22407</sum_visit_length>
		<bounce_count>104</bounce_count>
		<nb_visits_converted>116</nb_visits_converted>
		<nb_conversions>245</nb_conversions>
		<revenue>1111512</revenue>
		<goals>
			<row idgoal='1'>
				<nb_conversions>61</nb_conversions>
				<revenue>0</revenue>
				<nb_visits_converted>54</nb_visits_converted>
			</row>
			<row idgoal='2'>
				<nb_conversions>53</nb_conversions>
				<revenue>0</revenue>
				<nb_visits_converted>49</nb_visits_converted>
			</row>
			<row idgoal='3'>
				<nb_conversions>7</nb_conversions>
				<revenue>0</revenue>
				<nb_visits_converted>7</nb_visits_converted>
			</row>
			<row idgoal='4'>
				<nb_conversions>0</nb_conversions>
				<revenue>0</revenue>
				<nb_visits_converted>0</nb_visits_converted>
			</row>
			<row idgoal='5'>
				<nb_conversions>0</nb_conversions>
				<revenue>0</revenue>
				<nb_visits_converted>0</nb_visits_converted>
			</row>
			<row idgoal='ecommerceOrder'>
				<nb_conversions>124</nb_conversions>
				<revenue>1111512</revenue>
				<items>838</items>
			</row>
		</goals>
		<sum_daily_nb_uniq_visitors>286</sum_daily_nb_uniq_visitors>
		<segment>browserEngine==WebKit</segment>
	</row>
	<row>
		<label>Trident (IE)</label>
		<nb_visits>151</nb_visits>
		<nb_actions>608</nb_actions>
		<sum_visit_length>3857</sum_visit_length>
		<bounce_count>24</bounce_count>
		<nb_visits_converted>46</nb_visits_converted>
		<nb_conversions>106</nb_conversions>
		<revenue>538589</revenue>
		<goals>
			<row idgoal='1'>
				<nb_conversions>22</nb_conversions>
				<revenue>0</revenue>
				<nb_visits_converted>19</nb_visits_converted>
			</row>
			<row idgoal='2'>
				<nb_conversions>26</nb_conversions>
				<revenue>0</revenue>
				<nb_visits_converted>23</nb_visits_converted>
			</row>
			<row idgoal='3'>
				<nb_conversions>0</nb_conversions>
				<revenue>0</revenue>
				<nb_visits_converted>0</nb_visits_converted>
			</row>
			<row idgoal='4'>
				<nb_conversions>0</nb_conversions>
				<revenue>0</revenue>
				<nb_visits_converted>0</nb_visits_converted>
			</row>
			<row idgoal='5'>
				<nb_conversions>0</nb_conversions>
				<revenue>0</revenue>
				<nb_visits_converted>0</nb_visits_converted>
			</row>
			<row idgoal='ecommerceOrder'>
				<nb_conversions>58</nb_conversions>
				<revenue>538589</revenue>
				<items>405</items>
			</row>
		</goals>
		<sum_daily_nb_uniq_visitors>103</sum_daily_nb_uniq_visitors>
		<segment>browserEngine==Trident</segment>
	</row>
	<row>
		<label>Gecko (Firefox)</label>
		<nb_visits>91</nb_visits>
		<nb_actions>332</nb_actions>
		<sum_visit_length>2200</sum_visit_length>
		<bounce_count>16</bounce_count>
		<nb_visits_converted>29</nb_visits_converted>
		<nb_conversions>63</nb_conversions>
		<revenue>276824</revenue>
		<goals>
			<row idgoal='1'>
				<nb_conversions>20</nb_conversions>
				<revenue>0</revenue>
				<nb_visits_converted>20</nb_visits_converted>
			</row>
			<row idgoal='2'>
				<nb_conversions>10</nb_conversions>
				<revenue>0</revenue>
				<nb_visits_converted>10</nb_visits_converted>
			</row>
			<row idgoal='3'>
				<nb_conversions>0</nb_conversions>
				<revenue>0</revenue>
				<nb_visits_converted>0</nb_visits_converted>
			</row>
			<row idgoal='4'>
				<nb_conversions>0</nb_conversions>
				<revenue>0</revenue>
				<nb_visits_converted>0</nb_visits_converted>
			</row>
			<row idgoal='5'>
				<nb_conversions>0</nb_conversions>
				<revenue>0</revenue>
				<nb_visits_converted>0</nb_visits_converted>
			</row>
			<row idgoal='ecommerceOrder'>
				<nb_conversions>33</nb_conversions>
				<revenue>276824</revenue>
				<items>196</items>
			</row>
		</goals>
		<sum_daily_nb_uniq_visitors>70</sum_daily_nb_uniq_visitors>
		<max_actions>2</max_actions>
		<sum_daily_nb_users>0</sum_daily_nb_users>
		<segment>browserEngine==Gecko</segment>
	</row>
	<row>
		<label>Android Webview</label>
		<nb_visits>12</nb_visits>
		<nb_actions>14</nb_actions>
		<sum_visit_length>1778</sum_visit_length>
		<bounce_count>10</bounce_count>
		<nb_visits_converted>1</nb_visits_converted>
		<nb_conversions>1</nb_conversions>
		<revenue>0</revenue>
		<goals>
			<row idgoal='1'>
				<nb_conversions>0</nb_conversions>
				<revenue>0</revenue>
				<nb_visits_converted>0</nb_visits_converted>
			</row>
			<row idgoal='2'>
				<nb_conversions>0</nb_conversions>
				<revenue>0</revenue>
				<nb_visits_converted>0</nb_visits_converted>
			</row>
			<row idgoal='3'>
				<nb_conversions>1</nb_conversions>
				<revenue>0</revenue>
				<nb_visits_converted>1</nb_visits_converted>
			</row>
			<row idgoal='4'>
				<nb_conversions>0</nb_conversions>
				<revenue>0</revenue>
				<nb_visits_converted>0</nb_visits_converted>
			</row>
			<row idgoal='5'>
				<nb_conversions>0</nb_conversions>
				<revenue>0</revenue>
				<nb_visits_converted>0</nb_visits_converted>
			</row>
			<row idgoal='ecommerceOrder'>
				<nb_conversions>0</nb_conversions>
				<revenue>0</revenue>
				<items>0</items>
			</row>
		</goals>
		<sum_daily_nb_uniq_visitors>12</sum_daily_nb_uniq_visitors>
		<segment>browserEngine==Android+Webview</segment>
	</row>
	<row>
		<label>Safari (in-app)</label>
		<nb_visits>6</nb_visits>
		<nb_actions>9</nb_actions>
		<sum_visit_length>1824</sum_visit_length>
		<bounce_count>4</bounce_count>
		<nb_visits_converted>1</nb_visits_converted>
		<nb_conversions>1</nb_conversions>
		<revenue>0</revenue>
		<goals>
			<row idgoal='1'>
				<nb_conversions>0</nb_conversions>
				<revenue>0</revenue>
				<nb_visits_converted>0</nb_visits_converted>
			</row>
			<row idgoal='2'>
				<nb_conversions>0</nb_conversions>
				<revenue>0</revenue>
				<nb_visits_converted>0</nb_visits_converted>
			</row>
			<row idgoal='3'>
				<nb_conversions>1</nb_conversions>
				<revenue>0</revenue>
				<nb_visits_converted>1</nb_visits_converted>
			</row>
			<row idgoal='4'>
				<nb_conversions>0</nb_conversions>
				<revenue>0</revenue>
				<nb_visits_converted>0</nb_visits_converted>
			</row>
			<row idgoal='5'>
				<nb_conversions>0</nb_conversions>
				<revenue>0</revenue>
				<nb_visits_converted>0</nb_visits_converted>
			</row>
			<row idgoal='ecommerceOrder'>
				<nb_conversions>0</nb_conversions>
				<revenue>0</revenue>
				<items>0</items>
			</row>
		</goals>
		<sum_daily_nb_uniq_visitors>5</sum_daily_nb_uniq_visitors>
		<segment>browserEngine==Safari+%28in-app%29</segment>
	</row>
	<row>
		<label>Edge</label>
		<nb_visits>4</nb_visits>
		<nb_actions>5</nb_actions>
		<sum_visit_length>28</sum_visit_length>
		<bounce_count>3</bounce_count>
		<nb_visits_converted>0</nb_visits_converted>
		<nb_conversions>0</nb_conversions>
		<revenue>0</revenue>
		<goals>
			<row idgoal='1'>
				<nb_conversions>0</nb_conversions>
				<revenue>0</revenue>
				<nb_visits_converted>0</nb_visits_converted>
			</row>
			<row idgoal='2'>
				<nb_conversions>0</nb_conversions>
				<revenue>0</revenue>
				<nb_visits_converted>0</nb_visits_converted>
			</row>
			<row idgoal='3'>
				<nb_conversions>0</nb_conversions>
				<revenue>0</revenue>
				<nb_visits_converted>0</nb_visits_converted>
			</row>
			<row idgoal='4'>
				<nb_conversions>0</nb_conversions>
				<revenue>0</revenue>
				<nb_visits_converted>0</nb_visits_converted>
			</row>
			<row idgoal='5'>
				<nb_conversions>0</nb_conversions>
				<revenue>0</revenue>
				<nb_visits_converted>0</nb_visits_converted>
			</row>
			<row idgoal='ecommerceOrder'>
				<nb_conversions>0</nb_conversions>
				<revenue>0</revenue>
				<items>0</items>
			</row>
		</goals>
		<sum_daily_nb_uniq_visitors>4</sum_daily_nb_uniq_visitors>
		<segment>browserEngine==Edge</segment>
	</row>
	<row>
		<label>Samsung Internet</label>
		<nb_visits>3</nb_visits>
		<nb_actions>4</nb_actions>
		<sum_visit_length>53</sum_visit_length>
		<bounce_count>2</bounce_count>
		<nb_visits_converted>0</nb_visits_converted>
		<nb_conversions>0</nb_conversions>
		<revenue>0</revenue>
		<goals>
			<row idgoal='1'>
				<nb_conversions>0</nb_conversions>
				<revenue>0</revenue>
				<nb_visits_converted>0</nb_visits_converted>
			</row>
			<row idgoal='2'>
				<nb_conversions>0</nb_conversions>
				<revenue>0</revenue>
				<nb_visits_converted>0</nb_visits_converted>
			</row>
			<row idgoal='3'>
				<nb_conversions>0</nb_conversions>
				<revenue>0</revenue>
				<nb_visits_converted>0</nb_visits_converted>
			</row>
			<row idgoal='4'>
				<nb_conversions>0</nb_conversions>
				<revenue>0</revenue>
				<nb_visits_converted>0</nb_visits_converted>
			</row>
			<row idgoal='5'>
				<nb_conversions>0</nb_conversions>
				<revenue>0</revenue>
				<nb_visits_converted>0</nb_visits_converted>
			</row>
			<row idgoal='ecommerceOrder'>
				<nb_conversions>0</nb_conversions>
				<revenue>0</revenue>
				<items>0</items>
			</row>
		</goals>
		<sum_daily_nb_uniq_visitors>3</sum_daily_nb_uniq_visitors>
		<segment>browserEngine==Samsung+Internet</segment>
	</row>
	<row>
		<label>Mozilla Compatible Agent</label>
		<nb_visits>2</nb_visits>
		<nb_actions>2</nb_actions>
		<sum_visit_length>0</sum_visit_length>
		<bounce_count>2</bounce_count>
		<nb_visits_converted>2</nb_visits_converted>
		<nb_conversions>2</nb_conversions>
		<revenue>0</revenue>
		<goals>
			<row idgoal='1'>
				<nb_conversions>2</nb_conversions>
				<revenue>0</revenue>
				<nb_visits_converted>2</nb_visits_converted>
			</row>
			<row idgoal='2'>
				<nb_conversions>0</nb_conversions>
				<revenue>0</revenue>
				<nb_visits_converted>0</nb_visits_converted>
			</row>
			<row idgoal='3'>
				<nb_conversions>0</nb_conversions>
				<revenue>0</revenue>
				<nb_visits_converted>0</nb_visits_converted>
			</row>
			<row idgoal='4'>
				<nb_conversions>0</nb_conversions>
				<revenue>0</revenue>
				<nb_visits_converted>0</nb_visits_converted>
			</row>
			<row idgoal='5'>
				<nb_conversions>0</nb_conversions>
				<revenue>0</revenue>
				<nb_visits_converted>0</nb_visits_converted>
			</row>
			<row idgoal='ecommerceOrder'>
				<nb_conversions>0</nb_conversions>
				<revenue>0</revenue>
				<items>0</items>
			</row>
		</goals>
		<sum_daily_nb_uniq_visitors>2</sum_daily_nb_uniq_visitors>
		<segment>browserEngine==Mozilla+Compatible+Agent</segment>
	</row>
</result>