<?xml version="1.0" encoding="utf-8" ?>
<result>
	<Referrers_visitorsFromSearchEngines>0</Referrers_visitorsFromSearchEngines>
	<Referrers_visitorsFromSocialNetworks>0</Referrers_visitorsFromSocialNetworks>
	<Referrers_visitorsFromDirectEntry>4</Referrers_visitorsFromDirectEntry>
	<Referrers_visitorsFromWebsites>2</Referrers_visitorsFromWebsites>
	<Referrers_visitorsFromCampaigns>13</Referrers_visitorsFromCampaigns>
	<Referrers_distinctSearchEngines>0</Referrers_distinctSearchEngines>
	<Referrers_distinctSocialNetworks>0</Referrers_distinctSocialNetworks>
	<Referrers_distinctKeywords>0</Referrers_distinctKeywords>
	<Referrers_distinctWebsites>1</Referrers_distinctWebsites>
	<Referrers_distinctWebsitesUrls>1</Referrers_distinctWebsitesUrls>
	<Referrers_distinctCampaigns>2</Referrers_distinctCampaigns>
	<Referrers_visitorsFromDirectEntry_percent>21%</Referrers_visitorsFromDirectEntry_percent>
	<Referrers_visitorsFromSearchEngines_percent>0%</Referrers_visitorsFromSearchEngines_percent>
	<Referrers_visitorsFromCampaigns_percent>68%</Referrers_visitorsFromCampaigns_percent>
	<Referrers_visitorsFromSocialNetworks_percent>0%</Referrers_visitorsFromSocialNetworks_percent>
	<Referrers_visitorsFromWebsites_percent>11%</Referrers_visitorsFromWebsites_percent>
</result>