<?xml version="1.0" encoding="utf-8" ?>
<result>
	<row>
		<label>DAI2784</label>
		<revenue>237998</revenue>
		<quantity>127</quantity>
		<orders>66</orders>
		<nb_visits>0</nb_visits>
		<nb_actions>66</nb_actions>
		<avg_price>56.79</avg_price>
		<avg_quantity>1.9</avg_quantity>
		<conversion_rate>0%</conversion_rate>
		<segment>productSku==DAI2784</segment>
	</row>
	<row>
		<label>DAI0285</label>
		<revenue>234808</revenue>
		<quantity>98</quantity>
		<orders>54</orders>
		<nb_visits>0</nb_visits>
		<nb_actions>54</nb_actions>
		<avg_price>88.74</avg_price>
		<avg_quantity>1.8</avg_quantity>
		<conversion_rate>0%</conversion_rate>
		<segment>productSku==DAI0285</segment>
	</row>
	<row>
		<label>DAI7456</label>
		<revenue>184906</revenue>
		<quantity>118</quantity>
		<orders>67</orders>
		<nb_visits>0</nb_visits>
		<nb_actions>67</nb_actions>
		<avg_price>46.78</avg_price>
		<avg_quantity>1.8</avg_quantity>
		<conversion_rate>0%</conversion_rate>
		<segment>productSku==DAI7456</segment>
	</row>
	<row>
		<label>DAI6503</label>
		<revenue>175047</revenue>
		<quantity>83</quantity>
		<orders>49</orders>
		<nb_visits>0</nb_visits>
		<nb_actions>49</nb_actions>
		<avg_price>86.08</avg_price>
		<avg_quantity>1.7</avg_quantity>
		<conversion_rate>0%</conversion_rate>
		<segment>productSku==DAI6503</segment>
	</row>
	<row>
		<label>DAI0663</label>
		<revenue>172160</revenue>
		<quantity>128</quantity>
		<orders>70</orders>
		<nb_visits>0</nb_visits>
		<nb_actions>70</nb_actions>
		<avg_price>38.43</avg_price>
		<avg_quantity>1.8</avg_quantity>
		<conversion_rate>0%</conversion_rate>
		<segment>productSku==DAI0663</segment>
	</row>
	<row>
		<label>DAI8832</label>
		<revenue>124224</revenue>
		<quantity>96</quantity>
		<orders>54</orders>
		<nb_visits>0</nb_visits>
		<nb_actions>54</nb_actions>
		<avg_price>47.93</avg_price>
		<avg_quantity>1.8</avg_quantity>
		<conversion_rate>0%</conversion_rate>
		<segment>productSku==DAI8832</segment>
	</row>
	<row>
		<label>DAI6406</label>
		<revenue>93765</revenue>
		<quantity>95</quantity>
		<orders>58</orders>
		<nb_visits>0</nb_visits>
		<nb_actions>58</nb_actions>
		<avg_price>34.03</avg_price>
		<avg_quantity>1.6</avg_quantity>
		<conversion_rate>0%</conversion_rate>
		<segment>productSku==DAI6406</segment>
	</row>
	<row>
		<label>DAI7474</label>
		<revenue>73602</revenue>
		<quantity>94</quantity>
		<orders>56</orders>
		<nb_visits>0</nb_visits>
		<nb_actions>56</nb_actions>
		<avg_price>27.96</avg_price>
		<avg_quantity>1.7</avg_quantity>
		<conversion_rate>0%</conversion_rate>
		<segment>productSku==DAI7474</segment>
	</row>
	<row>
		<label>DAI4293</label>
		<revenue>43848</revenue>
		<quantity>126</quantity>
		<orders>69</orders>
		<nb_visits>0</nb_visits>
		<nb_actions>69</nb_actions>
		<avg_price>10.09</avg_price>
		<avg_quantity>1.8</avg_quantity>
		<conversion_rate>0%</conversion_rate>
		<segment>productSku==DAI4293</segment>
	</row>
	<row>
		<label>DAI0921</label>
		<revenue>640</revenue>
		<quantity>64</quantity>
		<orders>42</orders>
		<nb_visits>0</nb_visits>
		<nb_actions>42</nb_actions>
		<avg_price>0.48</avg_price>
		<avg_quantity>1.5</avg_quantity>
		<conversion_rate>0%</conversion_rate>
		<segment>productSku==DAI0921</segment>
	</row>
</result>