<?xml version="1.0" encoding="utf-8" ?>
<result>
	<row>
		<label>(direct)</label>
		<nb_uniq_visitors>3</nb_uniq_visitors>
		<nb_visits>3</nb_visits>
		<nb_actions>14</nb_actions>
		<sum_visit_length>16</sum_visit_length>
		<bounce_count>1</bounce_count>
		<nb_visits_converted>0</nb_visits_converted>
		<nb_conversions>0</nb_conversions>
		<revenue>0</revenue>
		<goals>
			<row idgoal='ecommerceOrder'>
				<nb_conversions>0</nb_conversions>
			</row>
		</goals>
		<referer_type>6</referer_type>
	</row>
	<row>
		<label>https</label>
		<nb_uniq_visitors>1</nb_uniq_visitors>
		<nb_visits>2</nb_visits>
		<nb_actions>4</nb_actions>
		<sum_visit_length>1</sum_visit_length>
		<bounce_count>2</bounce_count>
		<nb_visits_converted>0</nb_visits_converted>
		<nb_conversions>0</nb_conversions>
		<revenue>0</revenue>
		<goals>
			<row idgoal='ecommerceOrder'>
				<nb_conversions>0</nb_conversions>
			</row>
		</goals>
		<referer_type>3</referer_type>
	</row>
	<row>
		<label>(organic)</label>
		<nb_uniq_visitors>1</nb_uniq_visitors>
		<nb_visits>1</nb_visits>
		<nb_actions>5</nb_actions>
		<sum_visit_length>8</sum_visit_length>
		<bounce_count>0</bounce_count>
		<nb_visits_converted>0</nb_visits_converted>
		<nb_conversions>0</nb_conversions>
		<revenue>0</revenue>
		<goals>
			<row idgoal='ecommerceOrder'>
				<nb_conversions>0</nb_conversions>
			</row>
		</goals>
		<referer_type>6</referer_type>
	</row>
</result>