<?xml version="1.0" encoding="utf-8" ?>
<result>
	<row>
		<label> - Blog Voyages &amp; Photographies de Matthieu Aubry, français en Nouvelle Zélande.</label>
		<nb_visits>4</nb_visits>
		<nb_hits>5</nb_hits>
		<sum_time_spent>47</sum_time_spent>
		<entry_nb_actions>17</entry_nb_actions>
		<entry_sum_visit_length>47</entry_sum_visit_length>
		<entry_bounce_count>1</entry_bounce_count>
		<sum_daily_nb_uniq_visitors>2</sum_daily_nb_uniq_visitors>
		<avg_bandwidth>0</avg_bandwidth>
		<avg_page_load_time>0</avg_page_load_time>
		<avg_time_on_page>9</avg_time_on_page>
		<bounce_rate>0%</bounce_rate>
		<exit_rate>0%</exit_rate>
		<segment>pageTitle==-%2BBlog%2BVoyages%2B%2526%2BPhotographies%2Bde%2BMatthieu%2BAubry%252C%2Bfran%25C3%25A7ais%2Ben%2BNouvelle%2BZ%25C3%25A9lande.</segment>
	</row>
	<row>
		<label> Le HAKA, danse Maori - Nouvelle Zélande - Blog &amp; photos Matthieu</label>
		<nb_visits>2</nb_visits>
		<nb_hits>2</nb_hits>
		<sum_time_spent>1</sum_time_spent>
		<entry_nb_actions>7</entry_nb_actions>
		<entry_sum_visit_length>1</entry_sum_visit_length>
		<entry_bounce_count>2</entry_bounce_count>
		<sum_daily_nb_uniq_visitors>2</sum_daily_nb_uniq_visitors>
		<avg_bandwidth>0</avg_bandwidth>
		<avg_page_load_time>0</avg_page_load_time>
		<avg_time_on_page>1</avg_time_on_page>
		<bounce_rate>0%</bounce_rate>
		<exit_rate>0%</exit_rate>
		<segment>pageTitle==Le%2BHAKA%252C%2Bdanse%2BMaori%2B-%2BNouvelle%2BZ%25C3%25A9lande%2B-%2BBlog%2B%2526%2Bphotos%2BMatthieu</segment>
	</row>
	<row>
		<label> Top 10 des plus belles Plongées Sous Marine dans le Monde ! - Blog &amp; photos Matthieu</label>
		<nb_visits>2</nb_visits>
		<nb_hits>2</nb_hits>
		<sum_time_spent>0</sum_time_spent>
		<entry_nb_actions>6</entry_nb_actions>
		<entry_sum_visit_length>0</entry_sum_visit_length>
		<entry_bounce_count>2</entry_bounce_count>
		<sum_daily_nb_uniq_visitors>2</sum_daily_nb_uniq_visitors>
		<avg_bandwidth>0</avg_bandwidth>
		<avg_page_load_time>0</avg_page_load_time>
		<avg_time_on_page>0</avg_time_on_page>
		<bounce_rate>0%</bounce_rate>
		<exit_rate>0%</exit_rate>
		<segment>pageTitle==Top%2B10%2Bdes%2Bplus%2Bbelles%2BPlong%25C3%25A9es%2BSous%2BMarine%2Bdans%2Ble%2BMonde%2B%2521%2B-%2BBlog%2B%2526%2Bphotos%2BMatthieu</segment>
	</row>
	<row>
		<label> Inde Archives - Blog &amp; photos Matthieu</label>
		<nb_visits>1</nb_visits>
		<nb_hits>1</nb_hits>
		<sum_time_spent>19</sum_time_spent>
		<entry_nb_actions>2</entry_nb_actions>
		<entry_sum_visit_length>19</entry_sum_visit_length>
		<entry_bounce_count>1</entry_bounce_count>
		<sum_daily_nb_uniq_visitors>1</sum_daily_nb_uniq_visitors>
		<avg_bandwidth>0</avg_bandwidth>
		<avg_page_load_time>0</avg_page_load_time>
		<avg_time_on_page>19</avg_time_on_page>
		<bounce_rate>0%</bounce_rate>
		<exit_rate>0%</exit_rate>
		<segment>pageTitle==Inde%2BArchives%2B-%2BBlog%2B%2526%2Bphotos%2BMatthieu</segment>
	</row>
	<row>
		<label> La Croisière Plongée ; Un incontournable ! - Blog &amp; photos Matthieu</label>
		<nb_visits>1</nb_visits>
		<nb_hits>1</nb_hits>
		<sum_time_spent>1</sum_time_spent>
		<entry_nb_actions>2</entry_nb_actions>
		<entry_sum_visit_length>1</entry_sum_visit_length>
		<entry_bounce_count>1</entry_bounce_count>
		<sum_daily_nb_uniq_visitors>1</sum_daily_nb_uniq_visitors>
		<avg_bandwidth>0</avg_bandwidth>
		<avg_page_load_time>0</avg_page_load_time>
		<avg_time_on_page>1</avg_time_on_page>
		<bounce_rate>0%</bounce_rate>
		<exit_rate>0%</exit_rate>
		<segment>pageTitle==La%2BCroisi%25C3%25A8re%2BPlong%25C3%25A9e%2B%253B%2BUn%2Bincontournable%2B%2521%2B-%2BBlog%2B%2526%2Bphotos%2BMatthieu</segment>
	</row>
	<row>
		<label> La vie à Chennai en Inde - Blog &amp; photos Matthieu</label>
		<nb_visits>1</nb_visits>
		<nb_hits>1</nb_hits>
		<sum_time_spent>679</sum_time_spent>
		<entry_nb_actions>4</entry_nb_actions>
		<entry_sum_visit_length>679</entry_sum_visit_length>
		<entry_bounce_count>0</entry_bounce_count>
		<sum_daily_nb_uniq_visitors>1</sum_daily_nb_uniq_visitors>
		<avg_bandwidth>0</avg_bandwidth>
		<avg_page_load_time>0</avg_page_load_time>
		<avg_time_on_page>679</avg_time_on_page>
		<bounce_rate>0%</bounce_rate>
		<exit_rate>0%</exit_rate>
		<segment>pageTitle==La%2Bvie%2B%25C3%25A0%2BChennai%2Ben%2BInde%2B-%2BBlog%2B%2526%2Bphotos%2BMatthieu</segment>
	</row>
	<row>
		<label> Loisirs en inde - Blog &amp; photos Matthieu</label>
		<nb_visits>1</nb_visits>
		<nb_hits>1</nb_hits>
		<sum_time_spent>8</sum_time_spent>
		<entry_nb_actions>5</entry_nb_actions>
		<entry_sum_visit_length>8</entry_sum_visit_length>
		<entry_bounce_count>0</entry_bounce_count>
		<sum_daily_nb_uniq_visitors>1</sum_daily_nb_uniq_visitors>
		<avg_bandwidth>0</avg_bandwidth>
		<avg_page_load_time>0</avg_page_load_time>
		<avg_time_on_page>8</avg_time_on_page>
		<bounce_rate>0%</bounce_rate>
		<exit_rate>0%</exit_rate>
		<segment>pageTitle==Loisirs%2Ben%2Binde%2B-%2BBlog%2B%2526%2Bphotos%2BMatthieu</segment>
	</row>
	<row>
		<label> Plongée sur une épave - 3 des meilleurs bateaux à visiter sous l'eau ! - Blog &amp; photos Matthieu</label>
		<nb_visits>1</nb_visits>
		<nb_hits>1</nb_hits>
		<sum_time_spent>29</sum_time_spent>
		<entry_nb_actions>4</entry_nb_actions>
		<entry_sum_visit_length>29</entry_sum_visit_length>
		<entry_bounce_count>0</entry_bounce_count>
		<sum_daily_nb_uniq_visitors>1</sum_daily_nb_uniq_visitors>
		<avg_bandwidth>0</avg_bandwidth>
		<avg_page_load_time>0</avg_page_load_time>
		<avg_time_on_page>29</avg_time_on_page>
		<bounce_rate>0%</bounce_rate>
		<exit_rate>0%</exit_rate>
		<segment>pageTitle==Plong%25C3%25A9e%2Bsur%2Bune%2B%25C3%25A9pave%2B-%2B3%2Bdes%2Bmeilleurs%2Bbateaux%2B%25C3%25A0%2Bvisiter%2Bsous%2Bl%2527eau%2B%2521%2B-%2BBlog%2B%2526%2Bphotos%2BMatthieu</segment>
	</row>
	<row>
		<label> Scooter en inde - Blog &amp; photos Matthieu</label>
		<nb_visits>1</nb_visits>
		<nb_hits>1</nb_hits>
		<sum_time_spent>5</sum_time_spent>
		<entry_nb_actions>5</entry_nb_actions>
		<entry_sum_visit_length>5</entry_sum_visit_length>
		<entry_bounce_count>0</entry_bounce_count>
		<sum_daily_nb_uniq_visitors>1</sum_daily_nb_uniq_visitors>
		<avg_bandwidth>0</avg_bandwidth>
		<avg_page_load_time>0</avg_page_load_time>
		<avg_time_on_page>5</avg_time_on_page>
		<bounce_rate>0%</bounce_rate>
		<exit_rate>0%</exit_rate>
		<segment>pageTitle==Scooter%2Ben%2Binde%2B-%2BBlog%2B%2526%2Bphotos%2BMatthieu</segment>
	</row>
	<row>
		<label> Trek himalaya, Jour 3, 3000m -&gt; 4030m - Blog &amp; photos Matthieu</label>
		<nb_visits>1</nb_visits>
		<nb_hits>1</nb_hits>
		<sum_time_spent>14</sum_time_spent>
		<entry_nb_actions>5</entry_nb_actions>
		<entry_sum_visit_length>14</entry_sum_visit_length>
		<entry_bounce_count>0</entry_bounce_count>
		<sum_daily_nb_uniq_visitors>1</sum_daily_nb_uniq_visitors>
		<avg_bandwidth>0</avg_bandwidth>
		<avg_page_load_time>0</avg_page_load_time>
		<avg_time_on_page>14</avg_time_on_page>
		<bounce_rate>0%</bounce_rate>
		<exit_rate>0%</exit_rate>
		<segment>pageTitle==Trek%2Bhimalaya%252C%2BJour%2B3%252C%2B3000m%2B-%253E%2B4030m%2B-%2BBlog%2B%2526%2Bphotos%2BMatthieu</segment>
	</row>
	<row>
		<label> Video meilleur joueur de tetris du monde - Blog &amp; photos Matthieu</label>
		<nb_visits>1</nb_visits>
		<nb_hits>1</nb_hits>
		<sum_time_spent>9</sum_time_spent>
		<entry_nb_actions>4</entry_nb_actions>
		<entry_sum_visit_length>9</entry_sum_visit_length>
		<entry_bounce_count>0</entry_bounce_count>
		<sum_daily_nb_uniq_visitors>1</sum_daily_nb_uniq_visitors>
		<avg_bandwidth>0</avg_bandwidth>
		<avg_page_load_time>0</avg_page_load_time>
		<avg_time_on_page>9</avg_time_on_page>
		<bounce_rate>0%</bounce_rate>
		<exit_rate>0%</exit_rate>
		<segment>pageTitle==Video%2Bmeilleur%2Bjoueur%2Bde%2Btetris%2Bdu%2Bmonde%2B-%2BBlog%2B%2526%2Bphotos%2BMatthieu</segment>
	</row>
	<row>
		<label> Voyage à Komodo pour découvrir les célèbres Dragons de Komodo.... - Blog &amp; photos Matthieu</label>
		<nb_visits>1</nb_visits>
		<nb_hits>1</nb_hits>
		<sum_time_spent>0</sum_time_spent>
		<entry_nb_actions>3</entry_nb_actions>
		<entry_sum_visit_length>0</entry_sum_visit_length>
		<entry_bounce_count>1</entry_bounce_count>
		<sum_daily_nb_uniq_visitors>1</sum_daily_nb_uniq_visitors>
		<avg_bandwidth>0</avg_bandwidth>
		<avg_page_load_time>0</avg_page_load_time>
		<avg_time_on_page>0</avg_time_on_page>
		<bounce_rate>0%</bounce_rate>
		<exit_rate>0%</exit_rate>
		<segment>pageTitle==Voyage%2B%25C3%25A0%2BKomodo%2Bpour%2Bd%25C3%25A9couvrir%2Bles%2Bc%25C3%25A9l%25C3%25A8bres%2BDragons%2Bde%2BKomodo....%2B-%2BBlog%2B%2526%2Bphotos%2BMatthieu</segment>
	</row>
</result>