<?xml version="1.0" encoding="utf-8" ?>
<result>
	<row>
		<label>Android</label>
		<nb_visits>308</nb_visits>
		<nb_actions>1081</nb_actions>
		<sum_visit_length>12921</sum_visit_length>
		<bounce_count>77</bounce_count>
		<nb_visits_converted>87</nb_visits_converted>
		<nb_conversions>186</nb_conversions>
		<revenue>869284</revenue>
		<goals>
			<row idgoal='1'>
				<nb_conversions>45</nb_conversions>
				<revenue>0</revenue>
				<nb_visits_converted>38</nb_visits_converted>
			</row>
			<row idgoal='2'>
				<nb_conversions>42</nb_conversions>
				<revenue>0</revenue>
				<nb_visits_converted>39</nb_visits_converted>
			</row>
			<row idgoal='3'>
				<nb_conversions>3</nb_conversions>
				<revenue>0</revenue>
				<nb_visits_converted>2</nb_visits_converted>
			</row>
			<row idgoal='4'>
				<nb_conversions>0</nb_conversions>
				<revenue>0</revenue>
				<nb_visits_converted>0</nb_visits_converted>
			</row>
			<row idgoal='5'>
				<nb_conversions>0</nb_conversions>
				<revenue>0</revenue>
				<nb_visits_converted>0</nb_visits_converted>
			</row>
			<row idgoal='ecommerceOrder'>
				<nb_conversions>96</nb_conversions>
				<revenue>869284</revenue>
				<items>654</items>
			</row>
		</goals>
		<sum_daily_nb_uniq_visitors>241</sum_daily_nb_uniq_visitors>
		<logo>plugins/Morpheus/icons/dist/os/AND.png</logo>
	</row>
	<row>
		<label>Windows</label>
		<nb_visits>270</nb_visits>
		<nb_actions>960</nb_actions>
		<sum_visit_length>9850</sum_visit_length>
		<bounce_count>64</bounce_count>
		<nb_visits_converted>78</nb_visits_converted>
		<nb_conversions>165</nb_conversions>
		<revenue>780817</revenue>
		<goals>
			<row idgoal='1'>
				<nb_conversions>40</nb_conversions>
				<revenue>0</revenue>
				<nb_visits_converted>36</nb_visits_converted>
			</row>
			<row idgoal='2'>
				<nb_conversions>37</nb_conversions>
				<revenue>0</revenue>
				<nb_visits_converted>33</nb_visits_converted>
			</row>
			<row idgoal='3'>
				<nb_conversions>2</nb_conversions>
				<revenue>0</revenue>
				<nb_visits_converted>2</nb_visits_converted>
			</row>
			<row idgoal='4'>
				<nb_conversions>0</nb_conversions>
				<revenue>0</revenue>
				<nb_visits_converted>0</nb_visits_converted>
			</row>
			<row idgoal='5'>
				<nb_conversions>0</nb_conversions>
				<revenue>0</revenue>
				<nb_visits_converted>0</nb_visits_converted>
			</row>
			<row idgoal='ecommerceOrder'>
				<nb_conversions>86</nb_conversions>
				<revenue>780817</revenue>
				<items>589</items>
			</row>
		</goals>
		<sum_daily_nb_uniq_visitors>193</sum_daily_nb_uniq_visitors>
		<max_actions>2</max_actions>
		<sum_daily_nb_users>0</sum_daily_nb_users>
		<logo>plugins/Morpheus/icons/dist/os/WIN.png</logo>
	</row>
	<row>
		<label>GNU/Linux</label>
		<nb_visits>86</nb_visits>
		<nb_actions>325</nb_actions>
		<sum_visit_length>2064</sum_visit_length>
		<bounce_count>13</bounce_count>
		<nb_visits_converted>28</nb_visits_converted>
		<nb_conversions>63</nb_conversions>
		<revenue>276824</revenue>
		<goals>
			<row idgoal='1'>
				<nb_conversions>20</nb_conversions>
				<revenue>0</revenue>
				<nb_visits_converted>20</nb_visits_converted>
			</row>
			<row idgoal='2'>
				<nb_conversions>10</nb_conversions>
				<revenue>0</revenue>
				<nb_visits_converted>10</nb_visits_converted>
			</row>
			<row idgoal='3'>
				<nb_conversions>0</nb_conversions>
				<revenue>0</revenue>
				<nb_visits_converted>0</nb_visits_converted>
			</row>
			<row idgoal='4'>
				<nb_conversions>0</nb_conversions>
				<revenue>0</revenue>
				<nb_visits_converted>0</nb_visits_converted>
			</row>
			<row idgoal='5'>
				<nb_conversions>0</nb_conversions>
				<revenue>0</revenue>
				<nb_visits_converted>0</nb_visits_converted>
			</row>
			<row idgoal='ecommerceOrder'>
				<nb_conversions>33</nb_conversions>
				<revenue>276824</revenue>
				<items>196</items>
			</row>
		</goals>
		<sum_daily_nb_uniq_visitors>65</sum_daily_nb_uniq_visitors>
		<logo>plugins/Morpheus/icons/dist/os/LIN.png</logo>
	</row>
	<row>
		<label>iOS</label>
		<nb_visits>14</nb_visits>
		<nb_actions>34</nb_actions>
		<sum_visit_length>7161</sum_visit_length>
		<bounce_count>9</bounce_count>
		<nb_visits_converted>3</nb_visits_converted>
		<nb_conversions>4</nb_conversions>
		<revenue>0</revenue>
		<goals>
			<row idgoal='1'>
				<nb_conversions>0</nb_conversions>
				<revenue>0</revenue>
				<nb_visits_converted>0</nb_visits_converted>
			</row>
			<row idgoal='2'>
				<nb_conversions>0</nb_conversions>
				<revenue>0</revenue>
				<nb_visits_converted>0</nb_visits_converted>
			</row>
			<row idgoal='3'>
				<nb_conversions>4</nb_conversions>
				<revenue>0</revenue>
				<nb_visits_converted>3</nb_visits_converted>
			</row>
			<row idgoal='4'>
				<nb_conversions>0</nb_conversions>
				<revenue>0</revenue>
				<nb_visits_converted>0</nb_visits_converted>
			</row>
			<row idgoal='5'>
				<nb_conversions>0</nb_conversions>
				<revenue>0</revenue>
				<nb_visits_converted>0</nb_visits_converted>
			</row>
			<row idgoal='ecommerceOrder'>
				<nb_conversions>0</nb_conversions>
				<revenue>0</revenue>
				<items>0</items>
			</row>
		</goals>
		<sum_daily_nb_uniq_visitors>13</sum_daily_nb_uniq_visitors>
		<logo>plugins/Morpheus/icons/dist/os/IOS.png</logo>
	</row>
	<row>
		<label>Mac</label>
		<nb_visits>3</nb_visits>
		<nb_actions>4</nb_actions>
		<sum_visit_length>151</sum_visit_length>
		<bounce_count>2</bounce_count>
		<nb_visits_converted>0</nb_visits_converted>
		<nb_conversions>0</nb_conversions>
		<revenue>0</revenue>
		<goals>
			<row idgoal='1'>
				<nb_conversions>0</nb_conversions>
				<revenue>0</revenue>
				<nb_visits_converted>0</nb_visits_converted>
			</row>
			<row idgoal='2'>
				<nb_conversions>0</nb_conversions>
				<revenue>0</revenue>
				<nb_visits_converted>0</nb_visits_converted>
			</row>
			<row idgoal='3'>
				<nb_conversions>0</nb_conversions>
				<revenue>0</revenue>
				<nb_visits_converted>0</nb_visits_converted>
			</row>
			<row idgoal='4'>
				<nb_conversions>0</nb_conversions>
				<revenue>0</revenue>
				<nb_visits_converted>0</nb_visits_converted>
			</row>
			<row idgoal='5'>
				<nb_conversions>0</nb_conversions>
				<revenue>0</revenue>
				<nb_visits_converted>0</nb_visits_converted>
			</row>
			<row idgoal='ecommerceOrder'>
				<nb_conversions>0</nb_conversions>
				<revenue>0</revenue>
				<items>0</items>
			</row>
		</goals>
		<sum_daily_nb_uniq_visitors>3</sum_daily_nb_uniq_visitors>
		<logo>plugins/Morpheus/icons/dist/os/MAC.png</logo>
	</row>
</result>