<?xml version="1.0" encoding="utf-8" ?>
<result>7</result>