<?xml version="1.0" encoding="utf-8" ?>
<result>
	<row>
		<label>The Fowl Wind</label>
		<revenue>320454</revenue>
		<quantity>171</quantity>
		<orders>87</orders>
		<nb_visits>0</nb_visits>
		<nb_actions>87</nb_actions>
		<avg_price>64.62</avg_price>
		<avg_quantity>2</avg_quantity>
		<conversion_rate>0%</conversion_rate>
		<segment>productName==The+Fowl+Wind</segment>
	</row>
	<row>
		<label>Mask of the Grand Duchess</label>
		<revenue>309084</revenue>
		<quantity>129</quantity>
		<orders>71</orders>
		<nb_visits>0</nb_visits>
		<nb_actions>71</nb_actions>
		<avg_price>101.24</avg_price>
		<avg_quantity>1.8</avg_quantity>
		<conversion_rate>0%</conversion_rate>
		<segment>productName==Mask+of+the+Grand+Duchess</segment>
	</row>
	<row>
		<label>Earnest Reprisal</label>
		<revenue>253854</revenue>
		<quantity>162</quantity>
		<orders>86</orders>
		<nb_visits>0</nb_visits>
		<nb_actions>86</nb_actions>
		<avg_price>54.66</avg_price>
		<avg_quantity>1.9</avg_quantity>
		<conversion_rate>0%</conversion_rate>
		<segment>productName==Earnest+Reprisal</segment>
	</row>
	<row>
		<label>Misfortune's Bite</label>
		<revenue>253080</revenue>
		<quantity>120</quantity>
		<orders>68</orders>
		<nb_visits>0</nb_visits>
		<nb_actions>68</nb_actions>
		<avg_price>93.04</avg_price>
		<avg_quantity>1.8</avg_quantity>
		<conversion_rate>0%</conversion_rate>
		<segment>productName==Misfortune%27s+Bite</segment>
	</row>
	<row>
		<label>Path to Glory</label>
		<revenue>221925</revenue>
		<quantity>165</quantity>
		<orders>90</orders>
		<nb_visits>0</nb_visits>
		<nb_actions>90</nb_actions>
		<avg_price>44.83</avg_price>
		<avg_quantity>1.8</avg_quantity>
		<conversion_rate>0%</conversion_rate>
		<segment>productName==Path+to+Glory</segment>
	</row>
	<row>
		<label>Curse of Morrac</label>
		<revenue>187630</revenue>
		<quantity>145</quantity>
		<orders>81</orders>
		<nb_visits>0</nb_visits>
		<nb_actions>81</nb_actions>
		<avg_price>47.93</avg_price>
		<avg_quantity>1.8</avg_quantity>
		<conversion_rate>0%</conversion_rate>
		<segment>productName==Curse+of+Morrac</segment>
	</row>
	<row>
		<label>The Last Word</label>
		<revenue>128310</revenue>
		<quantity>130</quantity>
		<orders>77</orders>
		<nb_visits>0</nb_visits>
		<nb_actions>77</nb_actions>
		<avg_price>38.45</avg_price>
		<avg_quantity>1.7</avg_quantity>
		<conversion_rate>0%</conversion_rate>
		<segment>productName==The+Last+Word</segment>
	</row>
	<row>
		<label>Helm of Drasca</label>
		<revenue>115101</revenue>
		<quantity>147</quantity>
		<orders>78</orders>
		<nb_visits>0</nb_visits>
		<nb_actions>78</nb_actions>
		<avg_price>30.12</avg_price>
		<avg_quantity>1.9</avg_quantity>
		<conversion_rate>0%</conversion_rate>
		<segment>productName==Helm+of+Drasca</segment>
	</row>
	<row>
		<label>Masterwork Prowler Armor</label>
		<revenue>56724</revenue>
		<quantity>163</quantity>
		<orders>90</orders>
		<nb_visits>0</nb_visits>
		<nb_actions>90</nb_actions>
		<avg_price>11.6</avg_price>
		<avg_quantity>1.8</avg_quantity>
		<conversion_rate>0%</conversion_rate>
		<segment>productName==Masterwork+Prowler+Armor</segment>
	</row>
	<row>
		<label>Keen Wyvern Vitaar</label>
		<revenue>1070</revenue>
		<quantity>107</quantity>
		<orders>65</orders>
		<nb_visits>0</nb_visits>
		<nb_actions>65</nb_actions>
		<avg_price>0.46</avg_price>
		<avg_quantity>1.6</avg_quantity>
		<conversion_rate>0%</conversion_rate>
		<segment>productName==Keen+Wyvern+Vitaar</segment>
	</row>
</result>