<?xml version="1.0" encoding="utf-8" ?>
<result>
	<row>
		<label>session_start</label>
		<nb_visits>15</nb_visits>
		<nb_actions>15</nb_actions>
		<sum_visit_length>0</sum_visit_length>
		<bounce_count>6</bounce_count>
		<nb_visits_converted>0</nb_visits_converted>
		<nb_conversions>0</nb_conversions>
		<revenue>0</revenue>
		<goals>
			<row idgoal='ecommerceOrder'>
				<nb_conversions>0</nb_conversions>
			</row>
		</goals>
		<nb_events>15</nb_events>
		<sum_event_value>0</sum_event_value>
		<sum_daily_nb_uniq_visitors>13</sum_daily_nb_uniq_visitors>
		<avg_event_value>0</avg_event_value>
		<segment>eventName==session_start</segment>
		<subtable>
			<row>
				<label>__not_set_in_google_analytics_4__</label>
				<nb_visits>15</nb_visits>
				<nb_actions>15</nb_actions>
				<sum_visit_length>0</sum_visit_length>
				<bounce_count>6</bounce_count>
				<nb_visits_converted>0</nb_visits_converted>
				<nb_conversions>0</nb_conversions>
				<revenue>0</revenue>
				<goals>
					<row idgoal='ecommerceOrder'>
						<nb_conversions>0</nb_conversions>
					</row>
				</goals>
				<nb_events>15</nb_events>
				<sum_event_value>0</sum_event_value>
				<sum_daily_nb_uniq_visitors>13</sum_daily_nb_uniq_visitors>
				<avg_event_value>0</avg_event_value>
			</row>
		</subtable>
	</row>
	<row>
		<label>page_view</label>
		<nb_visits>14</nb_visits>
		<nb_actions>18</nb_actions>
		<sum_visit_length>0</sum_visit_length>
		<bounce_count>14</bounce_count>
		<nb_visits_converted>0</nb_visits_converted>
		<nb_conversions>0</nb_conversions>
		<revenue>0</revenue>
		<goals>
			<row idgoal='ecommerceOrder'>
				<nb_conversions>0</nb_conversions>
			</row>
		</goals>
		<nb_events>18</nb_events>
		<sum_event_value>0</sum_event_value>
		<sum_daily_nb_uniq_visitors>13</sum_daily_nb_uniq_visitors>
		<avg_event_value>0</avg_event_value>
		<segment>eventName==page_view</segment>
		<subtable>
			<row>
				<label>__not_set_in_google_analytics_4__</label>
				<nb_visits>14</nb_visits>
				<nb_actions>18</nb_actions>
				<sum_visit_length>0</sum_visit_length>
				<bounce_count>14</bounce_count>
				<nb_visits_converted>0</nb_visits_converted>
				<nb_conversions>0</nb_conversions>
				<revenue>0</revenue>
				<goals>
					<row idgoal='ecommerceOrder'>
						<nb_conversions>0</nb_conversions>
					</row>
				</goals>
				<nb_events>18</nb_events>
				<sum_event_value>0</sum_event_value>
				<sum_daily_nb_uniq_visitors>13</sum_daily_nb_uniq_visitors>
				<avg_event_value>0</avg_event_value>
			</row>
		</subtable>
	</row>
	<row>
		<label>first_visit</label>
		<nb_visits>13</nb_visits>
		<nb_actions>13</nb_actions>
		<sum_visit_length>0</sum_visit_length>
		<bounce_count>13</bounce_count>
		<nb_visits_converted>0</nb_visits_converted>
		<nb_conversions>0</nb_conversions>
		<revenue>0</revenue>
		<goals>
			<row idgoal='ecommerceOrder'>
				<nb_conversions>0</nb_conversions>
			</row>
		</goals>
		<nb_events>13</nb_events>
		<sum_event_value>0</sum_event_value>
		<sum_daily_nb_uniq_visitors>13</sum_daily_nb_uniq_visitors>
		<avg_event_value>0</avg_event_value>
		<segment>eventName==first_visit</segment>
		<subtable>
			<row>
				<label>__not_set_in_google_analytics_4__</label>
				<nb_visits>13</nb_visits>
				<nb_actions>13</nb_actions>
				<sum_visit_length>0</sum_visit_length>
				<bounce_count>13</bounce_count>
				<nb_visits_converted>0</nb_visits_converted>
				<nb_conversions>0</nb_conversions>
				<revenue>0</revenue>
				<goals>
					<row idgoal='ecommerceOrder'>
						<nb_conversions>0</nb_conversions>
					</row>
				</goals>
				<nb_events>13</nb_events>
				<sum_event_value>0</sum_event_value>
				<sum_daily_nb_uniq_visitors>13</sum_daily_nb_uniq_visitors>
				<avg_event_value>0</avg_event_value>
			</row>
		</subtable>
	</row>
	<row>
		<label>user_engagement</label>
		<nb_visits>11</nb_visits>
		<nb_actions>14</nb_actions>
		<sum_visit_length>770</sum_visit_length>
		<bounce_count>11</bounce_count>
		<nb_visits_converted>0</nb_visits_converted>
		<nb_conversions>0</nb_conversions>
		<revenue>0</revenue>
		<goals>
			<row idgoal='ecommerceOrder'>
				<nb_conversions>0</nb_conversions>
			</row>
		</goals>
		<nb_events>14</nb_events>
		<sum_event_value>0</sum_event_value>
		<sum_daily_nb_uniq_visitors>9</sum_daily_nb_uniq_visitors>
		<avg_event_value>0</avg_event_value>
		<segment>eventName==user_engagement</segment>
		<subtable>
			<row>
				<label>__not_set_in_google_analytics_4__</label>
				<nb_visits>11</nb_visits>
				<nb_actions>14</nb_actions>
				<sum_visit_length>770</sum_visit_length>
				<bounce_count>11</bounce_count>
				<nb_visits_converted>0</nb_visits_converted>
				<nb_conversions>0</nb_conversions>
				<revenue>0</revenue>
				<goals>
					<row idgoal='ecommerceOrder'>
						<nb_conversions>0</nb_conversions>
					</row>
				</goals>
				<nb_events>14</nb_events>
				<sum_event_value>0</sum_event_value>
				<sum_daily_nb_uniq_visitors>9</sum_daily_nb_uniq_visitors>
				<avg_event_value>0</avg_event_value>
			</row>
		</subtable>
	</row>
	<row>
		<label>scroll</label>
		<nb_visits>3</nb_visits>
		<nb_actions>3</nb_actions>
		<sum_visit_length>42</sum_visit_length>
		<bounce_count>3</bounce_count>
		<nb_visits_converted>0</nb_visits_converted>
		<nb_conversions>0</nb_conversions>
		<revenue>0</revenue>
		<goals>
			<row idgoal='ecommerceOrder'>
				<nb_conversions>0</nb_conversions>
			</row>
		</goals>
		<nb_events>3</nb_events>
		<sum_event_value>0</sum_event_value>
		<sum_daily_nb_uniq_visitors>3</sum_daily_nb_uniq_visitors>
		<avg_event_value>0</avg_event_value>
		<segment>eventName==scroll</segment>
		<subtable>
			<row>
				<label>__not_set_in_google_analytics_4__</label>
				<nb_visits>3</nb_visits>
				<nb_actions>3</nb_actions>
				<sum_visit_length>42</sum_visit_length>
				<bounce_count>3</bounce_count>
				<nb_visits_converted>0</nb_visits_converted>
				<nb_conversions>0</nb_conversions>
				<revenue>0</revenue>
				<goals>
					<row idgoal='ecommerceOrder'>
						<nb_conversions>0</nb_conversions>
					</row>
				</goals>
				<nb_events>3</nb_events>
				<sum_event_value>0</sum_event_value>
				<sum_daily_nb_uniq_visitors>3</sum_daily_nb_uniq_visitors>
				<avg_event_value>0</avg_event_value>
			</row>
		</subtable>
	</row>
	<row>
		<label>click</label>
		<nb_visits>1</nb_visits>
		<nb_actions>1</nb_actions>
		<sum_visit_length>0</sum_visit_length>
		<bounce_count>1</bounce_count>
		<nb_visits_converted>0</nb_visits_converted>
		<nb_conversions>0</nb_conversions>
		<revenue>0</revenue>
		<goals>
			<row idgoal='ecommerceOrder'>
				<nb_conversions>0</nb_conversions>
			</row>
		</goals>
		<nb_events>1</nb_events>
		<sum_event_value>0</sum_event_value>
		<sum_daily_nb_uniq_visitors>1</sum_daily_nb_uniq_visitors>
		<avg_event_value>0</avg_event_value>
		<segment>eventName==click</segment>
		<subtable>
			<row>
				<label>__not_set_in_google_analytics_4__</label>
				<nb_visits>1</nb_visits>
				<nb_actions>1</nb_actions>
				<sum_visit_length>0</sum_visit_length>
				<bounce_count>1</bounce_count>
				<nb_visits_converted>0</nb_visits_converted>
				<nb_conversions>0</nb_conversions>
				<revenue>0</revenue>
				<goals>
					<row idgoal='ecommerceOrder'>
						<nb_conversions>0</nb_conversions>
					</row>
				</goals>
				<nb_events>1</nb_events>
				<sum_event_value>0</sum_event_value>
				<sum_daily_nb_uniq_visitors>1</sum_daily_nb_uniq_visitors>
				<avg_event_value>0</avg_event_value>
			</row>
		</subtable>
	</row>
</result>