<?xml version="1.0" encoding="utf-8" ?>
<result>
	<row>
		<label>Helmet</label>
		<revenue>612885</revenue>
		<quantity>528</quantity>
		<orders>295</orders>
		<nb_visits>0</nb_visits>
		<nb_actions>295</nb_actions>
		<avg_price>11.77</avg_price>
		<avg_quantity>1.8</avg_quantity>
		<conversion_rate>0%</conversion_rate>
		<segment>productCategory==Helmet</segment>
	</row>
	<row>
		<label>Bows</label>
		<revenue>448764</revenue>
		<quantity>301</quantity>
		<orders>164</orders>
		<nb_visits>0</nb_visits>
		<nb_actions>164</nb_actions>
		<avg_price>27.44</avg_price>
		<avg_quantity>1.8</avg_quantity>
		<conversion_rate>0%</conversion_rate>
		<segment>productCategory==Bows</segment>
	</row>
	<row>
		<label>Staff</label>
		<revenue>253854</revenue>
		<quantity>162</quantity>
		<orders>86</orders>
		<nb_visits>0</nb_visits>
		<nb_actions>86</nb_actions>
		<avg_price>54.66</avg_price>
		<avg_quantity>1.9</avg_quantity>
		<conversion_rate>0%</conversion_rate>
		<segment>productCategory==Staff</segment>
	</row>
	<row>
		<label>Axes</label>
		<revenue>253080</revenue>
		<quantity>120</quantity>
		<orders>68</orders>
		<nb_visits>0</nb_visits>
		<nb_actions>68</nb_actions>
		<avg_price>93.04</avg_price>
		<avg_quantity>1.8</avg_quantity>
		<conversion_rate>0%</conversion_rate>
		<segment>productCategory==Axes</segment>
	</row>
	<row>
		<label>Shields</label>
		<revenue>221925</revenue>
		<quantity>165</quantity>
		<orders>90</orders>
		<nb_visits>0</nb_visits>
		<nb_actions>90</nb_actions>
		<avg_price>44.83</avg_price>
		<avg_quantity>1.8</avg_quantity>
		<conversion_rate>0%</conversion_rate>
		<segment>productCategory==Shields</segment>
	</row>
	<row>
		<label>Armor</label>
		<revenue>56724</revenue>
		<quantity>163</quantity>
		<orders>90</orders>
		<nb_visits>0</nb_visits>
		<nb_actions>90</nb_actions>
		<avg_price>11.6</avg_price>
		<avg_quantity>1.8</avg_quantity>
		<conversion_rate>0%</conversion_rate>
		<segment>productCategory==Armor</segment>
	</row>
</result>