<?xml version="1.0" encoding="utf-8" ?>
<result>
	<row>
		<label>__not_set_in_google_analytics_4__</label>
		<nb_visits>73</nb_visits>
		<nb_actions>80</nb_actions>
		<sum_visit_length>846</sum_visit_length>
		<bounce_count>62</bounce_count>
		<nb_visits_converted>0</nb_visits_converted>
		<nb_conversions>0</nb_conversions>
		<revenue>0</revenue>
		<goals>
			<row idgoal='ecommerceOrder'>
				<nb_conversions>0</nb_conversions>
			</row>
		</goals>
		<nb_events>80</nb_events>
		<sum_event_value>0</sum_event_value>
		<sum_daily_nb_uniq_visitors>68</sum_daily_nb_uniq_visitors>
		<avg_event_value>0</avg_event_value>
		<segment>eventAction==__not_set_in_google_analytics_4__</segment>
		<subtable>
			<row>
				<label>session_start</label>
				<nb_visits>20</nb_visits>
				<nb_actions>20</nb_actions>
				<sum_visit_length>0</sum_visit_length>
				<bounce_count>9</bounce_count>
				<nb_visits_converted>0</nb_visits_converted>
				<nb_conversions>0</nb_conversions>
				<revenue>0</revenue>
				<goals>
					<row idgoal='ecommerceOrder'>
						<nb_conversions>0</nb_conversions>
					</row>
				</goals>
				<nb_events>20</nb_events>
				<sum_event_value>0</sum_event_value>
				<sum_daily_nb_uniq_visitors>18</sum_daily_nb_uniq_visitors>
				<avg_event_value>0</avg_event_value>
			</row>
			<row>
				<label>page_view</label>
				<nb_visits>19</nb_visits>
				<nb_actions>23</nb_actions>
				<sum_visit_length>0</sum_visit_length>
				<bounce_count>19</bounce_count>
				<nb_visits_converted>0</nb_visits_converted>
				<nb_conversions>0</nb_conversions>
				<revenue>0</revenue>
				<goals>
					<row idgoal='ecommerceOrder'>
						<nb_conversions>0</nb_conversions>
					</row>
				</goals>
				<nb_events>23</nb_events>
				<sum_event_value>0</sum_event_value>
				<sum_daily_nb_uniq_visitors>18</sum_daily_nb_uniq_visitors>
				<avg_event_value>0</avg_event_value>
			</row>
			<row>
				<label>first_visit</label>
				<nb_visits>17</nb_visits>
				<nb_actions>17</nb_actions>
				<sum_visit_length>0</sum_visit_length>
				<bounce_count>17</bounce_count>
				<nb_visits_converted>0</nb_visits_converted>
				<nb_conversions>0</nb_conversions>
				<revenue>0</revenue>
				<goals>
					<row idgoal='ecommerceOrder'>
						<nb_conversions>0</nb_conversions>
					</row>
				</goals>
				<nb_events>17</nb_events>
				<sum_event_value>0</sum_event_value>
				<sum_daily_nb_uniq_visitors>17</sum_daily_nb_uniq_visitors>
				<avg_event_value>0</avg_event_value>
			</row>
			<row>
				<label>user_engagement</label>
				<nb_visits>12</nb_visits>
				<nb_actions>15</nb_actions>
				<sum_visit_length>804</sum_visit_length>
				<bounce_count>12</bounce_count>
				<nb_visits_converted>0</nb_visits_converted>
				<nb_conversions>0</nb_conversions>
				<revenue>0</revenue>
				<goals>
					<row idgoal='ecommerceOrder'>
						<nb_conversions>0</nb_conversions>
					</row>
				</goals>
				<nb_events>15</nb_events>
				<sum_event_value>0</sum_event_value>
				<sum_daily_nb_uniq_visitors>10</sum_daily_nb_uniq_visitors>
				<avg_event_value>0</avg_event_value>
			</row>
			<row>
				<label>scroll</label>
				<nb_visits>4</nb_visits>
				<nb_actions>4</nb_actions>
				<sum_visit_length>42</sum_visit_length>
				<bounce_count>4</bounce_count>
				<nb_visits_converted>0</nb_visits_converted>
				<nb_conversions>0</nb_conversions>
				<revenue>0</revenue>
				<goals>
					<row idgoal='ecommerceOrder'>
						<nb_conversions>0</nb_conversions>
					</row>
				</goals>
				<nb_events>4</nb_events>
				<sum_event_value>0</sum_event_value>
				<sum_daily_nb_uniq_visitors>4</sum_daily_nb_uniq_visitors>
				<avg_event_value>0</avg_event_value>
			</row>
			<row>
				<label>click</label>
				<nb_visits>1</nb_visits>
				<nb_actions>1</nb_actions>
				<sum_visit_length>0</sum_visit_length>
				<bounce_count>1</bounce_count>
				<nb_visits_converted>0</nb_visits_converted>
				<nb_conversions>0</nb_conversions>
				<revenue>0</revenue>
				<goals>
					<row idgoal='ecommerceOrder'>
						<nb_conversions>0</nb_conversions>
					</row>
				</goals>
				<nb_events>1</nb_events>
				<sum_event_value>0</sum_event_value>
				<sum_daily_nb_uniq_visitors>1</sum_daily_nb_uniq_visitors>
				<avg_event_value>0</avg_event_value>
			</row>
		</subtable>
	</row>
</result>