<?xml version="1.0" encoding="utf-8" ?>
<result>
	<row>
		<label>blog</label>
		<nb_visits>1</nb_visits>
		<nb_hits>1</nb_hits>
		<sum_time_spent>0</sum_time_spent>
		<sum_bandwidth>0</sum_bandwidth>
		<nb_hits_with_bandwidth>0</nb_hits_with_bandwidth>
		<min_bandwidth />
		<max_bandwidth />
		<exit_nb_visits>1</exit_nb_visits>
		<avg_bandwidth>0</avg_bandwidth>
		<avg_page_load_time>0</avg_page_load_time>
		<avg_time_on_page>0</avg_time_on_page>
		<bounce_rate>0%</bounce_rate>
		<exit_rate>100%</exit_rate>
		<segment>pageUrl=^http%253A%252F%252FGA4%2B%2528matthieu.net%252Fblog%2529%252Fblog</segment>
		<subtable>
			<row>
				<label>inde-par-region-et-ville</label>
				<nb_visits>1</nb_visits>
				<nb_hits>1</nb_hits>
				<sum_time_spent>0</sum_time_spent>
				<sum_bandwidth>0</sum_bandwidth>
				<nb_hits_with_bandwidth>0</nb_hits_with_bandwidth>
				<min_bandwidth />
				<max_bandwidth />
				<exit_nb_visits>1</exit_nb_visits>
				<avg_time_on_page>0</avg_time_on_page>
				<bounce_rate>0%</bounce_rate>
				<exit_rate>100%</exit_rate>
				<segment>pageUrl=^http%253A%252F%252FGA4%2B%2528matthieu.net%252Fblog%2529%252Fblog%252Finde-par-region-et-ville</segment>
				<subtable>
					<row>
						<label>/index</label>
						<nb_visits>1</nb_visits>
						<nb_hits>1</nb_hits>
						<sum_time_spent>0</sum_time_spent>
						<sum_bandwidth>0</sum_bandwidth>
						<nb_hits_with_bandwidth>0</nb_hits_with_bandwidth>
						<min_bandwidth />
						<max_bandwidth />
						<exit_nb_visits>1</exit_nb_visits>
						<sum_daily_nb_uniq_visitors>1</sum_daily_nb_uniq_visitors>
						<sum_daily_exit_nb_uniq_visitors>1</sum_daily_exit_nb_uniq_visitors>
						<avg_time_on_page>0</avg_time_on_page>
						<bounce_rate>0%</bounce_rate>
						<exit_rate>100%</exit_rate>
						<url>http://matthieu.net/blog/inde-par-region-et-ville/</url>
						<segment>exitPageUrl==http%253A%252F%252Fmatthieu.net%252Fblog%252Finde-par-region-et-ville%252F</segment>
					</row>
				</subtable>
			</row>
		</subtable>
	</row>
</result>