<?xml version="1.0" encoding="utf-8" ?>
<result>
	<row>
		<label />
		<nb_visits>20</nb_visits>
		<nb_hits>23</nb_hits>
		<sum_time_spent>846</sum_time_spent>
		<sum_daily_nb_uniq_visitors>18</sum_daily_nb_uniq_visitors>
		<nb_pages_per_search>1.2</nb_pages_per_search>
		<avg_bandwidth>0</avg_bandwidth>
		<avg_time_on_page>37</avg_time_on_page>
		<bounce_rate>0%</bounce_rate>
		<exit_rate>0%</exit_rate>
	</row>
</result>