<?xml version="1.0" encoding="utf-8" ?>
<result>
	<row>
		<label>00</label>
		<nb_visits>0</nb_visits>
		<nb_actions>0</nb_actions>
		<max_actions>0</max_actions>
		<sum_visit_length>0</sum_visit_length>
		<bounce_count>0</bounce_count>
		<nb_visits_converted>0</nb_visits_converted>
		<sum_daily_nb_uniq_visitors>0</sum_daily_nb_uniq_visitors>
		<sum_daily_nb_users>0</sum_daily_nb_users>
		<segment>visitLocalHour==0</segment>
	</row>
	<row>
		<label>01</label>
		<nb_visits>0</nb_visits>
		<nb_actions>0</nb_actions>
		<max_actions>0</max_actions>
		<sum_visit_length>0</sum_visit_length>
		<bounce_count>0</bounce_count>
		<nb_visits_converted>0</nb_visits_converted>
		<sum_daily_nb_uniq_visitors>0</sum_daily_nb_uniq_visitors>
		<sum_daily_nb_users>0</sum_daily_nb_users>
		<segment>visitLocalHour==1</segment>
	</row>
	<row>
		<label>02</label>
		<nb_visits>0</nb_visits>
		<nb_actions>0</nb_actions>
		<max_actions>0</max_actions>
		<sum_visit_length>0</sum_visit_length>
		<bounce_count>0</bounce_count>
		<nb_visits_converted>0</nb_visits_converted>
		<sum_daily_nb_uniq_visitors>0</sum_daily_nb_uniq_visitors>
		<sum_daily_nb_users>0</sum_daily_nb_users>
		<segment>visitLocalHour==2</segment>
	</row>
	<row>
		<label>03</label>
		<nb_visits>0</nb_visits>
		<nb_actions>0</nb_actions>
		<max_actions>0</max_actions>
		<sum_visit_length>0</sum_visit_length>
		<bounce_count>0</bounce_count>
		<nb_visits_converted>0</nb_visits_converted>
		<sum_daily_nb_uniq_visitors>0</sum_daily_nb_uniq_visitors>
		<sum_daily_nb_users>0</sum_daily_nb_users>
		<segment>visitLocalHour==3</segment>
	</row>
	<row>
		<label>04</label>
		<nb_visits>0</nb_visits>
		<nb_actions>0</nb_actions>
		<max_actions>0</max_actions>
		<sum_visit_length>0</sum_visit_length>
		<bounce_count>0</bounce_count>
		<nb_visits_converted>0</nb_visits_converted>
		<sum_daily_nb_uniq_visitors>0</sum_daily_nb_uniq_visitors>
		<sum_daily_nb_users>0</sum_daily_nb_users>
		<segment>visitLocalHour==4</segment>
	</row>
	<row>
		<label>05</label>
		<nb_visits>0</nb_visits>
		<nb_actions>0</nb_actions>
		<max_actions>0</max_actions>
		<sum_visit_length>0</sum_visit_length>
		<bounce_count>0</bounce_count>
		<nb_visits_converted>0</nb_visits_converted>
		<sum_daily_nb_uniq_visitors>0</sum_daily_nb_uniq_visitors>
		<sum_daily_nb_users>0</sum_daily_nb_users>
		<segment>visitLocalHour==5</segment>
	</row>
	<row>
		<label>06</label>
		<nb_visits>0</nb_visits>
		<nb_actions>0</nb_actions>
		<max_actions>0</max_actions>
		<sum_visit_length>0</sum_visit_length>
		<bounce_count>0</bounce_count>
		<nb_visits_converted>0</nb_visits_converted>
		<sum_daily_nb_uniq_visitors>0</sum_daily_nb_uniq_visitors>
		<sum_daily_nb_users>0</sum_daily_nb_users>
		<segment>visitLocalHour==6</segment>
	</row>
	<row>
		<label>07</label>
		<nb_visits>0</nb_visits>
		<nb_actions>0</nb_actions>
		<max_actions>0</max_actions>
		<sum_visit_length>0</sum_visit_length>
		<bounce_count>0</bounce_count>
		<nb_visits_converted>0</nb_visits_converted>
		<sum_daily_nb_uniq_visitors>0</sum_daily_nb_uniq_visitors>
		<sum_daily_nb_users>0</sum_daily_nb_users>
		<segment>visitLocalHour==7</segment>
	</row>
	<row>
		<label>08</label>
		<nb_visits>0</nb_visits>
		<nb_actions>0</nb_actions>
		<max_actions>0</max_actions>
		<sum_visit_length>0</sum_visit_length>
		<bounce_count>0</bounce_count>
		<nb_visits_converted>0</nb_visits_converted>
		<sum_daily_nb_uniq_visitors>0</sum_daily_nb_uniq_visitors>
		<sum_daily_nb_users>0</sum_daily_nb_users>
		<segment>visitLocalHour==8</segment>
	</row>
	<row>
		<label>09</label>
		<nb_visits>0</nb_visits>
		<nb_actions>0</nb_actions>
		<max_actions>0</max_actions>
		<sum_visit_length>0</sum_visit_length>
		<bounce_count>0</bounce_count>
		<nb_visits_converted>0</nb_visits_converted>
		<sum_daily_nb_uniq_visitors>0</sum_daily_nb_uniq_visitors>
		<sum_daily_nb_users>0</sum_daily_nb_users>
		<segment>visitLocalHour==9</segment>
	</row>
	<row>
		<label>10</label>
		<nb_visits>0</nb_visits>
		<nb_actions>0</nb_actions>
		<max_actions>0</max_actions>
		<sum_visit_length>0</sum_visit_length>
		<bounce_count>0</bounce_count>
		<nb_visits_converted>0</nb_visits_converted>
		<sum_daily_nb_uniq_visitors>0</sum_daily_nb_uniq_visitors>
		<sum_daily_nb_users>0</sum_daily_nb_users>
		<segment>visitLocalHour==10</segment>
	</row>
	<row>
		<label>11</label>
		<nb_visits>0</nb_visits>
		<nb_actions>0</nb_actions>
		<max_actions>0</max_actions>
		<sum_visit_length>0</sum_visit_length>
		<bounce_count>0</bounce_count>
		<nb_visits_converted>0</nb_visits_converted>
		<sum_daily_nb_uniq_visitors>0</sum_daily_nb_uniq_visitors>
		<sum_daily_nb_users>0</sum_daily_nb_users>
		<segment>visitLocalHour==11</segment>
	</row>
	<row>
		<label>12</label>
		<nb_visits>1</nb_visits>
		<nb_actions>2</nb_actions>
		<max_actions>2</max_actions>
		<sum_visit_length>122</sum_visit_length>
		<bounce_count>0</bounce_count>
		<nb_visits_converted>1</nb_visits_converted>
		<sum_daily_nb_uniq_visitors>1</sum_daily_nb_uniq_visitors>
		<sum_daily_nb_users>0</sum_daily_nb_users>
		<segment>visitLocalHour==12</segment>
	</row>
	<row>
		<label>13</label>
		<nb_visits>0</nb_visits>
		<nb_actions>0</nb_actions>
		<max_actions>0</max_actions>
		<sum_visit_length>0</sum_visit_length>
		<bounce_count>0</bounce_count>
		<nb_visits_converted>0</nb_visits_converted>
		<sum_daily_nb_uniq_visitors>0</sum_daily_nb_uniq_visitors>
		<sum_daily_nb_users>0</sum_daily_nb_users>
		<segment>visitLocalHour==13</segment>
	</row>
	<row>
		<label>14</label>
		<nb_visits>0</nb_visits>
		<nb_actions>0</nb_actions>
		<max_actions>0</max_actions>
		<sum_visit_length>0</sum_visit_length>
		<bounce_count>0</bounce_count>
		<nb_visits_converted>0</nb_visits_converted>
		<sum_daily_nb_uniq_visitors>0</sum_daily_nb_uniq_visitors>
		<sum_daily_nb_users>0</sum_daily_nb_users>
		<segment>visitLocalHour==14</segment>
	</row>
	<row>
		<label>15</label>
		<nb_visits>0</nb_visits>
		<nb_actions>0</nb_actions>
		<max_actions>0</max_actions>
		<sum_visit_length>0</sum_visit_length>
		<bounce_count>0</bounce_count>
		<nb_visits_converted>0</nb_visits_converted>
		<sum_daily_nb_uniq_visitors>0</sum_daily_nb_uniq_visitors>
		<sum_daily_nb_users>0</sum_daily_nb_users>
		<segment>visitLocalHour==15</segment>
	</row>
	<row>
		<label>16</label>
		<nb_visits>0</nb_visits>
		<nb_actions>0</nb_actions>
		<max_actions>0</max_actions>
		<sum_visit_length>0</sum_visit_length>
		<bounce_count>0</bounce_count>
		<nb_visits_converted>0</nb_visits_converted>
		<sum_daily_nb_uniq_visitors>0</sum_daily_nb_uniq_visitors>
		<sum_daily_nb_users>0</sum_daily_nb_users>
		<segment>visitLocalHour==16</segment>
	</row>
	<row>
		<label>17</label>
		<nb_visits>0</nb_visits>
		<nb_actions>0</nb_actions>
		<max_actions>0</max_actions>
		<sum_visit_length>0</sum_visit_length>
		<bounce_count>0</bounce_count>
		<nb_visits_converted>0</nb_visits_converted>
		<sum_daily_nb_uniq_visitors>0</sum_daily_nb_uniq_visitors>
		<sum_daily_nb_users>0</sum_daily_nb_users>
		<segment>visitLocalHour==17</segment>
	</row>
	<row>
		<label>18</label>
		<nb_visits>0</nb_visits>
		<nb_actions>0</nb_actions>
		<max_actions>0</max_actions>
		<sum_visit_length>0</sum_visit_length>
		<bounce_count>0</bounce_count>
		<nb_visits_converted>0</nb_visits_converted>
		<sum_daily_nb_uniq_visitors>0</sum_daily_nb_uniq_visitors>
		<sum_daily_nb_users>0</sum_daily_nb_users>
		<segment>visitLocalHour==18</segment>
	</row>
	<row>
		<label>19</label>
		<nb_visits>0</nb_visits>
		<nb_actions>0</nb_actions>
		<max_actions>0</max_actions>
		<sum_visit_length>0</sum_visit_length>
		<bounce_count>0</bounce_count>
		<nb_visits_converted>0</nb_visits_converted>
		<sum_daily_nb_uniq_visitors>0</sum_daily_nb_uniq_visitors>
		<sum_daily_nb_users>0</sum_daily_nb_users>
		<segment>visitLocalHour==19</segment>
	</row>
	<row>
		<label>20</label>
		<nb_visits>0</nb_visits>
		<nb_actions>0</nb_actions>
		<max_actions>0</max_actions>
		<sum_visit_length>0</sum_visit_length>
		<bounce_count>0</bounce_count>
		<nb_visits_converted>0</nb_visits_converted>
		<sum_daily_nb_uniq_visitors>0</sum_daily_nb_uniq_visitors>
		<sum_daily_nb_users>0</sum_daily_nb_users>
		<segment>visitLocalHour==20</segment>
	</row>
	<row>
		<label>21</label>
		<nb_visits>0</nb_visits>
		<nb_actions>0</nb_actions>
		<max_actions>0</max_actions>
		<sum_visit_length>0</sum_visit_length>
		<bounce_count>0</bounce_count>
		<nb_visits_converted>0</nb_visits_converted>
		<sum_daily_nb_uniq_visitors>0</sum_daily_nb_uniq_visitors>
		<sum_daily_nb_users>0</sum_daily_nb_users>
		<segment>visitLocalHour==21</segment>
	</row>
	<row>
		<label>22</label>
		<nb_visits>0</nb_visits>
		<nb_actions>0</nb_actions>
		<max_actions>0</max_actions>
		<sum_visit_length>0</sum_visit_length>
		<bounce_count>0</bounce_count>
		<nb_visits_converted>0</nb_visits_converted>
		<sum_daily_nb_uniq_visitors>0</sum_daily_nb_uniq_visitors>
		<sum_daily_nb_users>0</sum_daily_nb_users>
		<segment>visitLocalHour==22</segment>
	</row>
	<row>
		<label>23</label>
		<nb_visits>0</nb_visits>
		<nb_actions>0</nb_actions>
		<max_actions>0</max_actions>
		<sum_visit_length>0</sum_visit_length>
		<bounce_count>0</bounce_count>
		<nb_visits_converted>0</nb_visits_converted>
		<sum_daily_nb_uniq_visitors>0</sum_daily_nb_uniq_visitors>
		<sum_daily_nb_users>0</sum_daily_nb_users>
		<segment>visitLocalHour==23</segment>
	</row>
</result>