<?xml version="1.0" encoding="utf-8" ?>
<result>
	<nb_conversions>419</nb_conversions>
	<nb_visits_converted>202</nb_visits_converted>
	<revenue>1926925</revenue>
	<conversion_rate>29.66%</conversion_rate>
</result>