<?xml version="1.0" encoding="utf-8" ?>
<result>
	<row>
		<label>French (fr)</label>
		<nb_visits>9</nb_visits>
		<nb_actions>38</nb_actions>
		<sum_visit_length>824</sum_visit_length>
		<bounce_count>3</bounce_count>
		<nb_visits_converted>0</nb_visits_converted>
		<nb_conversions>0</nb_conversions>
		<revenue>0</revenue>
		<goals>
			<row idgoal='ecommerceOrder'>
				<nb_conversions>0</nb_conversions>
			</row>
		</goals>
		<sum_daily_nb_uniq_visitors>9</sum_daily_nb_uniq_visitors>
		<segment>languageCode==fr-fr</segment>
	</row>
	<row>
		<label>French (fr)</label>
		<nb_visits>6</nb_visits>
		<nb_actions>21</nb_actions>
		<sum_visit_length>134</sum_visit_length>
		<bounce_count>3</bounce_count>
		<nb_visits_converted>0</nb_visits_converted>
		<nb_conversions>0</nb_conversions>
		<revenue>0</revenue>
		<goals>
			<row idgoal='ecommerceOrder'>
				<nb_conversions>0</nb_conversions>
			</row>
		</goals>
		<sum_daily_nb_uniq_visitors>6</sum_daily_nb_uniq_visitors>
		<max_actions>2</max_actions>
		<sum_daily_nb_users>0</sum_daily_nb_users>
		<segment>languageCode==fr</segment>
	</row>
	<row>
		<label>English - United States (en-us)</label>
		<nb_visits>5</nb_visits>
		<nb_actions>20</nb_actions>
		<sum_visit_length>9</sum_visit_length>
		<bounce_count>2</bounce_count>
		<nb_visits_converted>0</nb_visits_converted>
		<nb_conversions>0</nb_conversions>
		<revenue>0</revenue>
		<goals>
			<row idgoal='ecommerceOrder'>
				<nb_conversions>0</nb_conversions>
			</row>
		</goals>
		<sum_daily_nb_uniq_visitors>3</sum_daily_nb_uniq_visitors>
		<segment>languageCode==en-us</segment>
	</row>
	<row>
		<label>French - Canada (fr-ca)</label>
		<nb_visits>1</nb_visits>
		<nb_actions>3</nb_actions>
		<sum_visit_length>0</sum_visit_length>
		<bounce_count>1</bounce_count>
		<nb_visits_converted>0</nb_visits_converted>
		<nb_conversions>0</nb_conversions>
		<revenue>0</revenue>
		<goals>
			<row idgoal='ecommerceOrder'>
				<nb_conversions>0</nb_conversions>
			</row>
		</goals>
		<sum_daily_nb_uniq_visitors>1</sum_daily_nb_uniq_visitors>
		<segment>languageCode==fr-ca</segment>
	</row>
</result>