<?xml version="1.0" encoding="utf-8" ?>
<result>
	<row>
		<label>__not_set_in_google_analytics_4__</label>
		<nb_visits>9</nb_visits>
		<nb_actions>36</nb_actions>
		<sum_visit_length>736</sum_visit_length>
		<bounce_count>4</bounce_count>
		<nb_visits_converted>0</nb_visits_converted>
		<nb_conversions>0</nb_conversions>
		<revenue>0</revenue>
		<goals>
			<row idgoal='ecommerceOrder'>
				<nb_conversions>0</nb_conversions>
			</row>
		</goals>
		<sum_daily_nb_uniq_visitors>9</sum_daily_nb_uniq_visitors>
	</row>
	<row>
		<label>__not_set_in_google_analytics_4__</label>
		<nb_visits>4</nb_visits>
		<nb_actions>21</nb_actions>
		<sum_visit_length>74</sum_visit_length>
		<bounce_count>1</bounce_count>
		<nb_visits_converted>0</nb_visits_converted>
		<nb_conversions>0</nb_conversions>
		<revenue>0</revenue>
		<goals>
			<row idgoal='ecommerceOrder'>
				<nb_conversions>0</nb_conversions>
			</row>
		</goals>
		<sum_daily_nb_uniq_visitors>4</sum_daily_nb_uniq_visitors>
	</row>
</result>