<?xml version="1.0" encoding="utf-8" ?>
<result>
	<row>
		<label>0 days</label>
		<nb_conversions>1</nb_conversions>
	</row>
	<row>
		<label>1 day</label>
		<nb_conversions>0</nb_conversions>
	</row>
	<row>
		<label>2 days</label>
		<nb_conversions>0</nb_conversions>
	</row>
	<row>
		<label>3 days</label>
		<nb_conversions>0</nb_conversions>
	</row>
	<row>
		<label>4 days</label>
		<nb_conversions>0</nb_conversions>
	</row>
	<row>
		<label>5 days</label>
		<nb_conversions>0</nb_conversions>
	</row>
	<row>
		<label>6 days</label>
		<nb_conversions>0</nb_conversions>
	</row>
	<row>
		<label>7 days</label>
		<nb_conversions>0</nb_conversions>
	</row>
	<row>
		<label>8-14 days</label>
		<nb_conversions>0</nb_conversions>
	</row>
	<row>
		<label>15-30 days</label>
		<nb_conversions>0</nb_conversions>
	</row>
	<row>
		<label>31-60 days</label>
		<nb_conversions>0</nb_conversions>
	</row>
	<row>
		<label>61-120 days</label>
		<nb_conversions>0</nb_conversions>
	</row>
	<row>
		<label>121-364 days</label>
		<nb_conversions>0</nb_conversions>
	</row>
	<row>
		<label>365+ days</label>
		<nb_conversions>0</nb_conversions>
	</row>
</result>